TimeQuest Timing Analyzer report for pld_mbed_etudiant
Tue May 06 14:30:21 2025
Quartus II 32-bit Version 13.0.1 Build 232 06/12/2013 Service Pack 1 SJ Web Edition


---------------------
; Table of Contents ;
---------------------
  1. Legal Notice
  2. TimeQuest Timing Analyzer Summary
  3. Parallel Compilation
  4. Clocks
  5. Fmax Summary
  6. Setup Summary
  7. Hold Summary
  8. Recovery Summary
  9. Removal Summary
 10. Minimum Pulse Width Summary
 11. Setup: 'PWM:inst4|H_10KHZ'
 12. Setup: 'H_2_5MHZ'
 13. Hold: 'H_2_5MHZ'
 14. Hold: 'PWM:inst4|H_10KHZ'
 15. Minimum Pulse Width: 'PWM:inst4|H_10KHZ'
 16. Minimum Pulse Width: 'H_2_5MHZ'
 17. Minimum Pulse Width: 'PCS6'
 18. Setup Times
 19. Hold Times
 20. Clock to Output Times
 21. Minimum Clock to Output Times
 22. Propagation Delay
 23. Minimum Propagation Delay
 24. Output Enable Times
 25. Minimum Output Enable Times
 26. Output Disable Times
 27. Minimum Output Disable Times
 28. Setup Transfers
 29. Hold Transfers
 30. Report TCCS
 31. Report RSKM
 32. Unconstrained Paths
 33. TimeQuest Timing Analyzer Messages



----------------
; Legal Notice ;
----------------
Copyright (C) 1991-2013 Altera Corporation
Your use of Altera Corporation's design tools, logic functions 
and other software and tools, and its AMPP partner logic 
functions, and any output files from any of the foregoing 
(including device programming or simulation files), and any 
associated documentation or information are expressly subject 
to the terms and conditions of the Altera Program License 
Subscription Agreement, Altera MegaCore Function License 
Agreement, or other applicable license agreement, including, 
without limitation, that your use is for the sole purpose of 
programming logic devices manufactured by Altera and sold by 
Altera or its authorized distributors.  Please refer to the 
applicable agreement for further details.



+----------------------------------------------------------------------------------------+
; TimeQuest Timing Analyzer Summary                                                      ;
+--------------------+-------------------------------------------------------------------+
; Quartus II Version ; Version 13.0.1 Build 232 06/12/2013 Service Pack 1 SJ Web Edition ;
; Revision Name      ; pld_mbed_etudiant                                                 ;
; Device Family      ; MAX7000S                                                          ;
; Device Name        ; EPM7064SLC44-10                                                   ;
; Timing Models      ; Final                                                             ;
; Delay Model        ; Slow Model                                                        ;
; Rise/Fall Delays   ; Unavailable                                                       ;
+--------------------+-------------------------------------------------------------------+


Parallel compilation was disabled, but you have multiple processors available. Enable parallel compilation to reduce compilation time.
+-------------------------------------+
; Parallel Compilation                ;
+----------------------------+--------+
; Processors                 ; Number ;
+----------------------------+--------+
; Number detected on machine ; 12     ;
; Maximum allowed            ; 1      ;
+----------------------------+--------+


+------------------------------------------------------------------------------------------------------------------------------------------------------------------------------------------------------+
; Clocks                                                                                                                                                                                               ;
+-------------------+------+--------+------------+-------+-------+------------+-----------+-------------+-------+--------+-----------+------------+----------+--------+--------+-----------------------+
; Clock Name        ; Type ; Period ; Frequency  ; Rise  ; Fall  ; Duty Cycle ; Divide by ; Multiply by ; Phase ; Offset ; Edge List ; Edge Shift ; Inverted ; Master ; Source ; Targets               ;
+-------------------+------+--------+------------+-------+-------+------------+-----------+-------------+-------+--------+-----------+------------+----------+--------+--------+-----------------------+
; H_2_5MHZ          ; Base ; 1.000  ; 1000.0 MHz ; 0.000 ; 0.500 ;            ;           ;             ;       ;        ;           ;            ;          ;        ;        ; { H_2_5MHZ }          ;
; PCS6              ; Base ; 1.000  ; 1000.0 MHz ; 0.000 ; 0.500 ;            ;           ;             ;       ;        ;           ;            ;          ;        ;        ; { PCS6 }              ;
; PWM:inst4|H_10KHZ ; Base ; 1.000  ; 1000.0 MHz ; 0.000 ; 0.500 ;            ;           ;             ;       ;        ;           ;            ;          ;        ;        ; { PWM:inst4|H_10KHZ } ;
+-------------------+------+--------+------------+-------+-------+------------+-----------+-------------+-------+--------+-----------+------------+----------+--------+--------+-----------------------+


+--------------------------------------------------------+
; Fmax Summary                                           ;
+-----------+-----------------+-------------------+------+
; Fmax      ; Restricted Fmax ; Clock Name        ; Note ;
+-----------+-----------------+-------------------+------+
; 92.59 MHz ; 92.59 MHz       ; PWM:inst4|H_10KHZ ;      ;
; 100.0 MHz ; 100.0 MHz       ; H_2_5MHZ          ;      ;
+-----------+-----------------+-------------------+------+
This panel reports FMAX for every clock in the design, regardless of the user-specified clock periods.  FMAX is only computed for paths where the source and destination registers or ports are driven by the same clock.  Paths of different clocks, including generated clocks, are ignored.  For paths between a clock and its inversion, FMAX is computed as if the rising and falling edges are scaled along with FMAX, such that the duty cycle (in terms of a percentage) is maintained. Altera recommends that you always use clock constraints and other slack reports for sign-off analysis.


+--------------------------------------------+
; Setup Summary                              ;
+-------------------+--------+---------------+
; Clock             ; Slack  ; End Point TNS ;
+-------------------+--------+---------------+
; PWM:inst4|H_10KHZ ; -9.800 ; -147.200      ;
; H_2_5MHZ          ; -9.000 ; -81.000       ;
+-------------------+--------+---------------+


+-------------------------------------------+
; Hold Summary                              ;
+-------------------+-------+---------------+
; Clock             ; Slack ; End Point TNS ;
+-------------------+-------+---------------+
; H_2_5MHZ          ; 5.000 ; 0.000         ;
; PWM:inst4|H_10KHZ ; 5.000 ; 0.000         ;
+-------------------+-------+---------------+


--------------------
; Recovery Summary ;
--------------------
No paths to report.


-------------------
; Removal Summary ;
-------------------
No paths to report.


+--------------------------------------------+
; Minimum Pulse Width Summary                ;
+-------------------+--------+---------------+
; Clock             ; Slack  ; End Point TNS ;
+-------------------+--------+---------------+
; PWM:inst4|H_10KHZ ; -3.500 ; -133.000      ;
; H_2_5MHZ          ; -3.500 ; -63.000       ;
; PCS6              ; -3.500 ; -56.000       ;
+-------------------+--------+---------------+


+---------------------------------------------------------------------------------------------------------------------------------------------------------------+
; Setup: 'PWM:inst4|H_10KHZ'                                                                                                                                    ;
+--------+----------------------------------+----------------------------------+-------------------+-------------------+--------------+------------+------------+
; Slack  ; From Node                        ; To Node                          ; Launch Clock      ; Latch Clock       ; Relationship ; Clock Skew ; Data Delay ;
+--------+----------------------------------+----------------------------------+-------------------+-------------------+--------------+------------+------------+
; -9.800 ; filtre_hall:inst5|N_3[0]         ; filtre_hall:inst5|hall_filtre[0] ; PWM:inst4|H_10KHZ ; PWM:inst4|H_10KHZ ; 1.000        ; 0.000      ; 8.800      ;
; -9.800 ; filtre_hall:inst5|N_3[1]         ; filtre_hall:inst5|hall_filtre[1] ; PWM:inst4|H_10KHZ ; PWM:inst4|H_10KHZ ; 1.000        ; 0.000      ; 8.800      ;
; -9.800 ; filtre_hall:inst5|N_3[2]         ; filtre_hall:inst5|hall_filtre[2] ; PWM:inst4|H_10KHZ ; PWM:inst4|H_10KHZ ; 1.000        ; 0.000      ; 8.800      ;
; -9.800 ; filtre_hall:inst5|N_2[0]         ; filtre_hall:inst5|valid_hall     ; PWM:inst4|H_10KHZ ; PWM:inst4|H_10KHZ ; 1.000        ; 0.000      ; 8.800      ;
; -9.800 ; filtre_hall:inst5|N[0]           ; filtre_hall:inst5|hall_filtre[0] ; PWM:inst4|H_10KHZ ; PWM:inst4|H_10KHZ ; 1.000        ; 0.000      ; 8.800      ;
; -9.800 ; filtre_hall:inst5|N_2[0]         ; filtre_hall:inst5|hall_filtre[0] ; PWM:inst4|H_10KHZ ; PWM:inst4|H_10KHZ ; 1.000        ; 0.000      ; 8.800      ;
; -9.800 ; filtre_hall:inst5|N[1]           ; filtre_hall:inst5|hall_filtre[0] ; PWM:inst4|H_10KHZ ; PWM:inst4|H_10KHZ ; 1.000        ; 0.000      ; 8.800      ;
; -9.800 ; filtre_hall:inst5|N_3[1]         ; filtre_hall:inst5|hall_filtre[0] ; PWM:inst4|H_10KHZ ; PWM:inst4|H_10KHZ ; 1.000        ; 0.000      ; 8.800      ;
; -9.800 ; filtre_hall:inst5|N_2[1]         ; filtre_hall:inst5|hall_filtre[0] ; PWM:inst4|H_10KHZ ; PWM:inst4|H_10KHZ ; 1.000        ; 0.000      ; 8.800      ;
; -9.800 ; filtre_hall:inst5|N[2]           ; filtre_hall:inst5|hall_filtre[0] ; PWM:inst4|H_10KHZ ; PWM:inst4|H_10KHZ ; 1.000        ; 0.000      ; 8.800      ;
; -9.800 ; filtre_hall:inst5|N_3[2]         ; filtre_hall:inst5|hall_filtre[0] ; PWM:inst4|H_10KHZ ; PWM:inst4|H_10KHZ ; 1.000        ; 0.000      ; 8.800      ;
; -9.800 ; filtre_hall:inst5|N_2[2]         ; filtre_hall:inst5|hall_filtre[0] ; PWM:inst4|H_10KHZ ; PWM:inst4|H_10KHZ ; 1.000        ; 0.000      ; 8.800      ;
; -9.800 ; filtre_hall:inst5|hall_filtre[0] ; filtre_hall:inst5|hall_filtre[0] ; PWM:inst4|H_10KHZ ; PWM:inst4|H_10KHZ ; 1.000        ; 0.000      ; 8.800      ;
; -9.800 ; filtre_hall:inst5|N[0]           ; filtre_hall:inst5|hall_filtre[1] ; PWM:inst4|H_10KHZ ; PWM:inst4|H_10KHZ ; 1.000        ; 0.000      ; 8.800      ;
; -9.800 ; filtre_hall:inst5|N_3[0]         ; filtre_hall:inst5|hall_filtre[1] ; PWM:inst4|H_10KHZ ; PWM:inst4|H_10KHZ ; 1.000        ; 0.000      ; 8.800      ;
; -9.800 ; filtre_hall:inst5|N_2[0]         ; filtre_hall:inst5|hall_filtre[1] ; PWM:inst4|H_10KHZ ; PWM:inst4|H_10KHZ ; 1.000        ; 0.000      ; 8.800      ;
; -9.800 ; filtre_hall:inst5|N[1]           ; filtre_hall:inst5|hall_filtre[1] ; PWM:inst4|H_10KHZ ; PWM:inst4|H_10KHZ ; 1.000        ; 0.000      ; 8.800      ;
; -9.800 ; filtre_hall:inst5|N_2[1]         ; filtre_hall:inst5|hall_filtre[1] ; PWM:inst4|H_10KHZ ; PWM:inst4|H_10KHZ ; 1.000        ; 0.000      ; 8.800      ;
; -9.800 ; filtre_hall:inst5|N[2]           ; filtre_hall:inst5|hall_filtre[1] ; PWM:inst4|H_10KHZ ; PWM:inst4|H_10KHZ ; 1.000        ; 0.000      ; 8.800      ;
; -9.800 ; filtre_hall:inst5|N_3[2]         ; filtre_hall:inst5|hall_filtre[1] ; PWM:inst4|H_10KHZ ; PWM:inst4|H_10KHZ ; 1.000        ; 0.000      ; 8.800      ;
; -9.800 ; filtre_hall:inst5|N_2[2]         ; filtre_hall:inst5|hall_filtre[1] ; PWM:inst4|H_10KHZ ; PWM:inst4|H_10KHZ ; 1.000        ; 0.000      ; 8.800      ;
; -9.800 ; filtre_hall:inst5|hall_filtre[1] ; filtre_hall:inst5|hall_filtre[1] ; PWM:inst4|H_10KHZ ; PWM:inst4|H_10KHZ ; 1.000        ; 0.000      ; 8.800      ;
; -9.800 ; filtre_hall:inst5|N[0]           ; filtre_hall:inst5|hall_filtre[2] ; PWM:inst4|H_10KHZ ; PWM:inst4|H_10KHZ ; 1.000        ; 0.000      ; 8.800      ;
; -9.800 ; filtre_hall:inst5|N_3[0]         ; filtre_hall:inst5|hall_filtre[2] ; PWM:inst4|H_10KHZ ; PWM:inst4|H_10KHZ ; 1.000        ; 0.000      ; 8.800      ;
; -9.800 ; filtre_hall:inst5|N_2[0]         ; filtre_hall:inst5|hall_filtre[2] ; PWM:inst4|H_10KHZ ; PWM:inst4|H_10KHZ ; 1.000        ; 0.000      ; 8.800      ;
; -9.800 ; filtre_hall:inst5|N[1]           ; filtre_hall:inst5|hall_filtre[2] ; PWM:inst4|H_10KHZ ; PWM:inst4|H_10KHZ ; 1.000        ; 0.000      ; 8.800      ;
; -9.800 ; filtre_hall:inst5|N_2[1]         ; filtre_hall:inst5|hall_filtre[2] ; PWM:inst4|H_10KHZ ; PWM:inst4|H_10KHZ ; 1.000        ; 0.000      ; 8.800      ;
; -9.800 ; filtre_hall:inst5|N_3[1]         ; filtre_hall:inst5|hall_filtre[2] ; PWM:inst4|H_10KHZ ; PWM:inst4|H_10KHZ ; 1.000        ; 0.000      ; 8.800      ;
; -9.800 ; filtre_hall:inst5|N[2]           ; filtre_hall:inst5|hall_filtre[2] ; PWM:inst4|H_10KHZ ; PWM:inst4|H_10KHZ ; 1.000        ; 0.000      ; 8.800      ;
; -9.800 ; filtre_hall:inst5|N_2[2]         ; filtre_hall:inst5|hall_filtre[2] ; PWM:inst4|H_10KHZ ; PWM:inst4|H_10KHZ ; 1.000        ; 0.000      ; 8.800      ;
; -9.800 ; filtre_hall:inst5|hall_filtre[2] ; filtre_hall:inst5|hall_filtre[2] ; PWM:inst4|H_10KHZ ; PWM:inst4|H_10KHZ ; 1.000        ; 0.000      ; 8.800      ;
; -9.800 ; filtre_hall:inst5|N_3[0]         ; filtre_hall:inst5|valid_hall     ; PWM:inst4|H_10KHZ ; PWM:inst4|H_10KHZ ; 1.000        ; 0.000      ; 8.800      ;
; -9.800 ; filtre_hall:inst5|N_2[1]         ; filtre_hall:inst5|valid_hall     ; PWM:inst4|H_10KHZ ; PWM:inst4|H_10KHZ ; 1.000        ; 0.000      ; 8.800      ;
; -9.800 ; filtre_hall:inst5|N_3[1]         ; filtre_hall:inst5|valid_hall     ; PWM:inst4|H_10KHZ ; PWM:inst4|H_10KHZ ; 1.000        ; 0.000      ; 8.800      ;
; -9.800 ; filtre_hall:inst5|N_2[2]         ; filtre_hall:inst5|valid_hall     ; PWM:inst4|H_10KHZ ; PWM:inst4|H_10KHZ ; 1.000        ; 0.000      ; 8.800      ;
; -9.800 ; filtre_hall:inst5|N_3[2]         ; filtre_hall:inst5|valid_hall     ; PWM:inst4|H_10KHZ ; PWM:inst4|H_10KHZ ; 1.000        ; 0.000      ; 8.800      ;
; -9.800 ; filtre_hall:inst5|N[0]           ; filtre_hall:inst5|valid_hall     ; PWM:inst4|H_10KHZ ; PWM:inst4|H_10KHZ ; 1.000        ; 0.000      ; 8.800      ;
; -9.800 ; filtre_hall:inst5|N[1]           ; filtre_hall:inst5|valid_hall     ; PWM:inst4|H_10KHZ ; PWM:inst4|H_10KHZ ; 1.000        ; 0.000      ; 8.800      ;
; -9.800 ; filtre_hall:inst5|N[2]           ; filtre_hall:inst5|valid_hall     ; PWM:inst4|H_10KHZ ; PWM:inst4|H_10KHZ ; 1.000        ; 0.000      ; 8.800      ;
; -9.000 ; filtre_hall:inst5|hall_filtre[1] ; collecteur_num:inst3|Command[5]  ; PWM:inst4|H_10KHZ ; PWM:inst4|H_10KHZ ; 1.000        ; 0.000      ; 8.000      ;
; -9.000 ; filtre_hall:inst5|hall_filtre[0] ; collecteur_num:inst3|Command[5]  ; PWM:inst4|H_10KHZ ; PWM:inst4|H_10KHZ ; 1.000        ; 0.000      ; 8.000      ;
; -9.000 ; filtre_hall:inst5|valid_hall     ; collecteur_num:inst3|Command[5]  ; PWM:inst4|H_10KHZ ; PWM:inst4|H_10KHZ ; 1.000        ; 0.000      ; 8.000      ;
; -9.000 ; collecteur_num:inst3|Command[5]  ; collecteur_num:inst3|Command[5]  ; PWM:inst4|H_10KHZ ; PWM:inst4|H_10KHZ ; 1.000        ; 0.000      ; 8.000      ;
; -9.000 ; filtre_hall:inst5|hall_filtre[1] ; collecteur_num:inst3|Command[4]  ; PWM:inst4|H_10KHZ ; PWM:inst4|H_10KHZ ; 1.000        ; 0.000      ; 8.000      ;
; -9.000 ; filtre_hall:inst5|hall_filtre[0] ; collecteur_num:inst3|Command[4]  ; PWM:inst4|H_10KHZ ; PWM:inst4|H_10KHZ ; 1.000        ; 0.000      ; 8.000      ;
; -9.000 ; filtre_hall:inst5|valid_hall     ; collecteur_num:inst3|Command[4]  ; PWM:inst4|H_10KHZ ; PWM:inst4|H_10KHZ ; 1.000        ; 0.000      ; 8.000      ;
; -9.000 ; collecteur_num:inst3|Command[4]  ; collecteur_num:inst3|Command[4]  ; PWM:inst4|H_10KHZ ; PWM:inst4|H_10KHZ ; 1.000        ; 0.000      ; 8.000      ;
; -9.000 ; filtre_hall:inst5|hall_filtre[2] ; collecteur_num:inst3|Command[3]  ; PWM:inst4|H_10KHZ ; PWM:inst4|H_10KHZ ; 1.000        ; 0.000      ; 8.000      ;
; -9.000 ; filtre_hall:inst5|hall_filtre[1] ; collecteur_num:inst3|Command[3]  ; PWM:inst4|H_10KHZ ; PWM:inst4|H_10KHZ ; 1.000        ; 0.000      ; 8.000      ;
; -9.000 ; filtre_hall:inst5|valid_hall     ; collecteur_num:inst3|Command[3]  ; PWM:inst4|H_10KHZ ; PWM:inst4|H_10KHZ ; 1.000        ; 0.000      ; 8.000      ;
; -9.000 ; collecteur_num:inst3|Command[3]  ; collecteur_num:inst3|Command[3]  ; PWM:inst4|H_10KHZ ; PWM:inst4|H_10KHZ ; 1.000        ; 0.000      ; 8.000      ;
; -9.000 ; filtre_hall:inst5|hall_filtre[2] ; collecteur_num:inst3|Command[2]  ; PWM:inst4|H_10KHZ ; PWM:inst4|H_10KHZ ; 1.000        ; 0.000      ; 8.000      ;
; -9.000 ; filtre_hall:inst5|hall_filtre[1] ; collecteur_num:inst3|Command[2]  ; PWM:inst4|H_10KHZ ; PWM:inst4|H_10KHZ ; 1.000        ; 0.000      ; 8.000      ;
; -9.000 ; filtre_hall:inst5|valid_hall     ; collecteur_num:inst3|Command[2]  ; PWM:inst4|H_10KHZ ; PWM:inst4|H_10KHZ ; 1.000        ; 0.000      ; 8.000      ;
; -9.000 ; collecteur_num:inst3|Command[2]  ; collecteur_num:inst3|Command[2]  ; PWM:inst4|H_10KHZ ; PWM:inst4|H_10KHZ ; 1.000        ; 0.000      ; 8.000      ;
; -9.000 ; filtre_hall:inst5|hall_filtre[2] ; collecteur_num:inst3|Command[1]  ; PWM:inst4|H_10KHZ ; PWM:inst4|H_10KHZ ; 1.000        ; 0.000      ; 8.000      ;
; -9.000 ; filtre_hall:inst5|hall_filtre[0] ; collecteur_num:inst3|Command[1]  ; PWM:inst4|H_10KHZ ; PWM:inst4|H_10KHZ ; 1.000        ; 0.000      ; 8.000      ;
; -9.000 ; filtre_hall:inst5|valid_hall     ; collecteur_num:inst3|Command[1]  ; PWM:inst4|H_10KHZ ; PWM:inst4|H_10KHZ ; 1.000        ; 0.000      ; 8.000      ;
; -9.000 ; collecteur_num:inst3|Command[1]  ; collecteur_num:inst3|Command[1]  ; PWM:inst4|H_10KHZ ; PWM:inst4|H_10KHZ ; 1.000        ; 0.000      ; 8.000      ;
; -9.000 ; filtre_hall:inst5|hall_filtre[2] ; collecteur_num:inst3|Command[0]  ; PWM:inst4|H_10KHZ ; PWM:inst4|H_10KHZ ; 1.000        ; 0.000      ; 8.000      ;
; -9.000 ; filtre_hall:inst5|hall_filtre[0] ; collecteur_num:inst3|Command[0]  ; PWM:inst4|H_10KHZ ; PWM:inst4|H_10KHZ ; 1.000        ; 0.000      ; 8.000      ;
; -9.000 ; filtre_hall:inst5|valid_hall     ; collecteur_num:inst3|Command[0]  ; PWM:inst4|H_10KHZ ; PWM:inst4|H_10KHZ ; 1.000        ; 0.000      ; 8.000      ;
; -9.000 ; collecteur_num:inst3|Command[0]  ; collecteur_num:inst3|Command[0]  ; PWM:inst4|H_10KHZ ; PWM:inst4|H_10KHZ ; 1.000        ; 0.000      ; 8.000      ;
; -9.000 ; filtre_hall:inst5|N_2[2]         ; filtre_hall:inst5|N_3[2]         ; PWM:inst4|H_10KHZ ; PWM:inst4|H_10KHZ ; 1.000        ; 0.000      ; 8.000      ;
; -9.000 ; filtre_hall:inst5|N_2[1]         ; filtre_hall:inst5|N_3[1]         ; PWM:inst4|H_10KHZ ; PWM:inst4|H_10KHZ ; 1.000        ; 0.000      ; 8.000      ;
; -9.000 ; filtre_hall:inst5|N_2[0]         ; filtre_hall:inst5|N_3[0]         ; PWM:inst4|H_10KHZ ; PWM:inst4|H_10KHZ ; 1.000        ; 0.000      ; 8.000      ;
; -9.000 ; filtre_hall:inst5|N[2]           ; filtre_hall:inst5|N_2[2]         ; PWM:inst4|H_10KHZ ; PWM:inst4|H_10KHZ ; 1.000        ; 0.000      ; 8.000      ;
; -9.000 ; filtre_hall:inst5|N[1]           ; filtre_hall:inst5|N_2[1]         ; PWM:inst4|H_10KHZ ; PWM:inst4|H_10KHZ ; 1.000        ; 0.000      ; 8.000      ;
; -9.000 ; filtre_hall:inst5|N[0]           ; filtre_hall:inst5|N_2[0]         ; PWM:inst4|H_10KHZ ; PWM:inst4|H_10KHZ ; 1.000        ; 0.000      ; 8.000      ;
+--------+----------------------------------+----------------------------------+-------------------+-------------------+--------------+------------+------------+


+--------------------------------------------------------------------------------------------------------------------------------------------------------------------------+
; Setup: 'H_2_5MHZ'                                                                                                                                                        ;
+--------+---------------------------------------------+---------------------------------------------+--------------+-------------+--------------+------------+------------+
; Slack  ; From Node                                   ; To Node                                     ; Launch Clock ; Latch Clock ; Relationship ; Clock Skew ; Data Delay ;
+--------+---------------------------------------------+---------------------------------------------+--------------+-------------+--------------+------------+------------+
; -9.000 ; PWM:inst4|lpm_counter:CPT_CLK_rtl_0|dffs[0] ; PWM:inst4|lpm_counter:CPT_CLK_rtl_0|dffs[0] ; H_2_5MHZ     ; H_2_5MHZ    ; 1.000        ; 0.000      ; 8.000      ;
; -9.000 ; PWM:inst4|lpm_counter:CPT_CLK_rtl_0|dffs[1] ; PWM:inst4|lpm_counter:CPT_CLK_rtl_0|dffs[1] ; H_2_5MHZ     ; H_2_5MHZ    ; 1.000        ; 0.000      ; 8.000      ;
; -9.000 ; PWM:inst4|lpm_counter:CPT_CLK_rtl_0|dffs[0] ; PWM:inst4|lpm_counter:CPT_CLK_rtl_0|dffs[1] ; H_2_5MHZ     ; H_2_5MHZ    ; 1.000        ; 0.000      ; 8.000      ;
; -9.000 ; PWM:inst4|lpm_counter:CPT_CLK_rtl_0|dffs[2] ; PWM:inst4|lpm_counter:CPT_CLK_rtl_0|dffs[2] ; H_2_5MHZ     ; H_2_5MHZ    ; 1.000        ; 0.000      ; 8.000      ;
; -9.000 ; PWM:inst4|lpm_counter:CPT_CLK_rtl_0|dffs[1] ; PWM:inst4|lpm_counter:CPT_CLK_rtl_0|dffs[2] ; H_2_5MHZ     ; H_2_5MHZ    ; 1.000        ; 0.000      ; 8.000      ;
; -9.000 ; PWM:inst4|lpm_counter:CPT_CLK_rtl_0|dffs[0] ; PWM:inst4|lpm_counter:CPT_CLK_rtl_0|dffs[2] ; H_2_5MHZ     ; H_2_5MHZ    ; 1.000        ; 0.000      ; 8.000      ;
; -9.000 ; PWM:inst4|lpm_counter:CPT_CLK_rtl_0|dffs[3] ; PWM:inst4|lpm_counter:CPT_CLK_rtl_0|dffs[3] ; H_2_5MHZ     ; H_2_5MHZ    ; 1.000        ; 0.000      ; 8.000      ;
; -9.000 ; PWM:inst4|lpm_counter:CPT_CLK_rtl_0|dffs[2] ; PWM:inst4|lpm_counter:CPT_CLK_rtl_0|dffs[3] ; H_2_5MHZ     ; H_2_5MHZ    ; 1.000        ; 0.000      ; 8.000      ;
; -9.000 ; PWM:inst4|lpm_counter:CPT_CLK_rtl_0|dffs[1] ; PWM:inst4|lpm_counter:CPT_CLK_rtl_0|dffs[3] ; H_2_5MHZ     ; H_2_5MHZ    ; 1.000        ; 0.000      ; 8.000      ;
; -9.000 ; PWM:inst4|lpm_counter:CPT_CLK_rtl_0|dffs[0] ; PWM:inst4|lpm_counter:CPT_CLK_rtl_0|dffs[3] ; H_2_5MHZ     ; H_2_5MHZ    ; 1.000        ; 0.000      ; 8.000      ;
; -9.000 ; PWM:inst4|lpm_counter:CPT_CLK_rtl_0|dffs[4] ; PWM:inst4|lpm_counter:CPT_CLK_rtl_0|dffs[4] ; H_2_5MHZ     ; H_2_5MHZ    ; 1.000        ; 0.000      ; 8.000      ;
; -9.000 ; PWM:inst4|lpm_counter:CPT_CLK_rtl_0|dffs[3] ; PWM:inst4|lpm_counter:CPT_CLK_rtl_0|dffs[4] ; H_2_5MHZ     ; H_2_5MHZ    ; 1.000        ; 0.000      ; 8.000      ;
; -9.000 ; PWM:inst4|lpm_counter:CPT_CLK_rtl_0|dffs[2] ; PWM:inst4|lpm_counter:CPT_CLK_rtl_0|dffs[4] ; H_2_5MHZ     ; H_2_5MHZ    ; 1.000        ; 0.000      ; 8.000      ;
; -9.000 ; PWM:inst4|lpm_counter:CPT_CLK_rtl_0|dffs[1] ; PWM:inst4|lpm_counter:CPT_CLK_rtl_0|dffs[4] ; H_2_5MHZ     ; H_2_5MHZ    ; 1.000        ; 0.000      ; 8.000      ;
; -9.000 ; PWM:inst4|lpm_counter:CPT_CLK_rtl_0|dffs[0] ; PWM:inst4|lpm_counter:CPT_CLK_rtl_0|dffs[4] ; H_2_5MHZ     ; H_2_5MHZ    ; 1.000        ; 0.000      ; 8.000      ;
; -9.000 ; PWM:inst4|lpm_counter:CPT_CLK_rtl_0|dffs[5] ; PWM:inst4|lpm_counter:CPT_CLK_rtl_0|dffs[5] ; H_2_5MHZ     ; H_2_5MHZ    ; 1.000        ; 0.000      ; 8.000      ;
; -9.000 ; PWM:inst4|lpm_counter:CPT_CLK_rtl_0|dffs[4] ; PWM:inst4|lpm_counter:CPT_CLK_rtl_0|dffs[5] ; H_2_5MHZ     ; H_2_5MHZ    ; 1.000        ; 0.000      ; 8.000      ;
; -9.000 ; PWM:inst4|lpm_counter:CPT_CLK_rtl_0|dffs[3] ; PWM:inst4|lpm_counter:CPT_CLK_rtl_0|dffs[5] ; H_2_5MHZ     ; H_2_5MHZ    ; 1.000        ; 0.000      ; 8.000      ;
; -9.000 ; PWM:inst4|lpm_counter:CPT_CLK_rtl_0|dffs[2] ; PWM:inst4|lpm_counter:CPT_CLK_rtl_0|dffs[5] ; H_2_5MHZ     ; H_2_5MHZ    ; 1.000        ; 0.000      ; 8.000      ;
; -9.000 ; PWM:inst4|lpm_counter:CPT_CLK_rtl_0|dffs[1] ; PWM:inst4|lpm_counter:CPT_CLK_rtl_0|dffs[5] ; H_2_5MHZ     ; H_2_5MHZ    ; 1.000        ; 0.000      ; 8.000      ;
; -9.000 ; PWM:inst4|lpm_counter:CPT_CLK_rtl_0|dffs[0] ; PWM:inst4|lpm_counter:CPT_CLK_rtl_0|dffs[5] ; H_2_5MHZ     ; H_2_5MHZ    ; 1.000        ; 0.000      ; 8.000      ;
; -9.000 ; PWM:inst4|lpm_counter:CPT_CLK_rtl_0|dffs[6] ; PWM:inst4|lpm_counter:CPT_CLK_rtl_0|dffs[6] ; H_2_5MHZ     ; H_2_5MHZ    ; 1.000        ; 0.000      ; 8.000      ;
; -9.000 ; PWM:inst4|lpm_counter:CPT_CLK_rtl_0|dffs[5] ; PWM:inst4|lpm_counter:CPT_CLK_rtl_0|dffs[6] ; H_2_5MHZ     ; H_2_5MHZ    ; 1.000        ; 0.000      ; 8.000      ;
; -9.000 ; PWM:inst4|lpm_counter:CPT_CLK_rtl_0|dffs[4] ; PWM:inst4|lpm_counter:CPT_CLK_rtl_0|dffs[6] ; H_2_5MHZ     ; H_2_5MHZ    ; 1.000        ; 0.000      ; 8.000      ;
; -9.000 ; PWM:inst4|lpm_counter:CPT_CLK_rtl_0|dffs[3] ; PWM:inst4|lpm_counter:CPT_CLK_rtl_0|dffs[6] ; H_2_5MHZ     ; H_2_5MHZ    ; 1.000        ; 0.000      ; 8.000      ;
; -9.000 ; PWM:inst4|lpm_counter:CPT_CLK_rtl_0|dffs[2] ; PWM:inst4|lpm_counter:CPT_CLK_rtl_0|dffs[6] ; H_2_5MHZ     ; H_2_5MHZ    ; 1.000        ; 0.000      ; 8.000      ;
; -9.000 ; PWM:inst4|lpm_counter:CPT_CLK_rtl_0|dffs[1] ; PWM:inst4|lpm_counter:CPT_CLK_rtl_0|dffs[6] ; H_2_5MHZ     ; H_2_5MHZ    ; 1.000        ; 0.000      ; 8.000      ;
; -9.000 ; PWM:inst4|lpm_counter:CPT_CLK_rtl_0|dffs[0] ; PWM:inst4|lpm_counter:CPT_CLK_rtl_0|dffs[6] ; H_2_5MHZ     ; H_2_5MHZ    ; 1.000        ; 0.000      ; 8.000      ;
; -9.000 ; PWM:inst4|lpm_counter:CPT_CLK_rtl_0|dffs[7] ; PWM:inst4|lpm_counter:CPT_CLK_rtl_0|dffs[7] ; H_2_5MHZ     ; H_2_5MHZ    ; 1.000        ; 0.000      ; 8.000      ;
; -9.000 ; PWM:inst4|lpm_counter:CPT_CLK_rtl_0|dffs[6] ; PWM:inst4|lpm_counter:CPT_CLK_rtl_0|dffs[7] ; H_2_5MHZ     ; H_2_5MHZ    ; 1.000        ; 0.000      ; 8.000      ;
; -9.000 ; PWM:inst4|lpm_counter:CPT_CLK_rtl_0|dffs[5] ; PWM:inst4|lpm_counter:CPT_CLK_rtl_0|dffs[7] ; H_2_5MHZ     ; H_2_5MHZ    ; 1.000        ; 0.000      ; 8.000      ;
; -9.000 ; PWM:inst4|lpm_counter:CPT_CLK_rtl_0|dffs[4] ; PWM:inst4|lpm_counter:CPT_CLK_rtl_0|dffs[7] ; H_2_5MHZ     ; H_2_5MHZ    ; 1.000        ; 0.000      ; 8.000      ;
; -9.000 ; PWM:inst4|lpm_counter:CPT_CLK_rtl_0|dffs[3] ; PWM:inst4|lpm_counter:CPT_CLK_rtl_0|dffs[7] ; H_2_5MHZ     ; H_2_5MHZ    ; 1.000        ; 0.000      ; 8.000      ;
; -9.000 ; PWM:inst4|lpm_counter:CPT_CLK_rtl_0|dffs[2] ; PWM:inst4|lpm_counter:CPT_CLK_rtl_0|dffs[7] ; H_2_5MHZ     ; H_2_5MHZ    ; 1.000        ; 0.000      ; 8.000      ;
; -9.000 ; PWM:inst4|lpm_counter:CPT_CLK_rtl_0|dffs[1] ; PWM:inst4|lpm_counter:CPT_CLK_rtl_0|dffs[7] ; H_2_5MHZ     ; H_2_5MHZ    ; 1.000        ; 0.000      ; 8.000      ;
; -9.000 ; PWM:inst4|lpm_counter:CPT_CLK_rtl_0|dffs[0] ; PWM:inst4|lpm_counter:CPT_CLK_rtl_0|dffs[7] ; H_2_5MHZ     ; H_2_5MHZ    ; 1.000        ; 0.000      ; 8.000      ;
; -9.000 ; PWM:inst4|lpm_counter:CPT_CLK_rtl_0|dffs[7] ; PWM:inst4|H_10KHZ                           ; H_2_5MHZ     ; H_2_5MHZ    ; 1.000        ; 0.000      ; 8.000      ;
; -9.000 ; PWM:inst4|lpm_counter:CPT_CLK_rtl_0|dffs[6] ; PWM:inst4|H_10KHZ                           ; H_2_5MHZ     ; H_2_5MHZ    ; 1.000        ; 0.000      ; 8.000      ;
; -9.000 ; PWM:inst4|lpm_counter:CPT_CLK_rtl_0|dffs[5] ; PWM:inst4|H_10KHZ                           ; H_2_5MHZ     ; H_2_5MHZ    ; 1.000        ; 0.000      ; 8.000      ;
; -9.000 ; PWM:inst4|lpm_counter:CPT_CLK_rtl_0|dffs[4] ; PWM:inst4|H_10KHZ                           ; H_2_5MHZ     ; H_2_5MHZ    ; 1.000        ; 0.000      ; 8.000      ;
; -9.000 ; PWM:inst4|lpm_counter:CPT_CLK_rtl_0|dffs[3] ; PWM:inst4|H_10KHZ                           ; H_2_5MHZ     ; H_2_5MHZ    ; 1.000        ; 0.000      ; 8.000      ;
; -9.000 ; PWM:inst4|lpm_counter:CPT_CLK_rtl_0|dffs[2] ; PWM:inst4|H_10KHZ                           ; H_2_5MHZ     ; H_2_5MHZ    ; 1.000        ; 0.000      ; 8.000      ;
; -9.000 ; PWM:inst4|lpm_counter:CPT_CLK_rtl_0|dffs[1] ; PWM:inst4|H_10KHZ                           ; H_2_5MHZ     ; H_2_5MHZ    ; 1.000        ; 0.000      ; 8.000      ;
; -9.000 ; PWM:inst4|lpm_counter:CPT_CLK_rtl_0|dffs[0] ; PWM:inst4|H_10KHZ                           ; H_2_5MHZ     ; H_2_5MHZ    ; 1.000        ; 0.000      ; 8.000      ;
+--------+---------------------------------------------+---------------------------------------------+--------------+-------------+--------------+------------+------------+


+-------------------------------------------------------------------------------------------------------------------------------------------------------------------------+
; Hold: 'H_2_5MHZ'                                                                                                                                                        ;
+-------+---------------------------------------------+---------------------------------------------+--------------+-------------+--------------+------------+------------+
; Slack ; From Node                                   ; To Node                                     ; Launch Clock ; Latch Clock ; Relationship ; Clock Skew ; Data Delay ;
+-------+---------------------------------------------+---------------------------------------------+--------------+-------------+--------------+------------+------------+
; 5.000 ; PWM:inst4|lpm_counter:CPT_CLK_rtl_0|dffs[0] ; PWM:inst4|lpm_counter:CPT_CLK_rtl_0|dffs[0] ; H_2_5MHZ     ; H_2_5MHZ    ; 0.000        ; 0.000      ; 8.000      ;
; 5.000 ; PWM:inst4|lpm_counter:CPT_CLK_rtl_0|dffs[1] ; PWM:inst4|lpm_counter:CPT_CLK_rtl_0|dffs[1] ; H_2_5MHZ     ; H_2_5MHZ    ; 0.000        ; 0.000      ; 8.000      ;
; 5.000 ; PWM:inst4|lpm_counter:CPT_CLK_rtl_0|dffs[0] ; PWM:inst4|lpm_counter:CPT_CLK_rtl_0|dffs[1] ; H_2_5MHZ     ; H_2_5MHZ    ; 0.000        ; 0.000      ; 8.000      ;
; 5.000 ; PWM:inst4|lpm_counter:CPT_CLK_rtl_0|dffs[2] ; PWM:inst4|lpm_counter:CPT_CLK_rtl_0|dffs[2] ; H_2_5MHZ     ; H_2_5MHZ    ; 0.000        ; 0.000      ; 8.000      ;
; 5.000 ; PWM:inst4|lpm_counter:CPT_CLK_rtl_0|dffs[1] ; PWM:inst4|lpm_counter:CPT_CLK_rtl_0|dffs[2] ; H_2_5MHZ     ; H_2_5MHZ    ; 0.000        ; 0.000      ; 8.000      ;
; 5.000 ; PWM:inst4|lpm_counter:CPT_CLK_rtl_0|dffs[0] ; PWM:inst4|lpm_counter:CPT_CLK_rtl_0|dffs[2] ; H_2_5MHZ     ; H_2_5MHZ    ; 0.000        ; 0.000      ; 8.000      ;
; 5.000 ; PWM:inst4|lpm_counter:CPT_CLK_rtl_0|dffs[3] ; PWM:inst4|lpm_counter:CPT_CLK_rtl_0|dffs[3] ; H_2_5MHZ     ; H_2_5MHZ    ; 0.000        ; 0.000      ; 8.000      ;
; 5.000 ; PWM:inst4|lpm_counter:CPT_CLK_rtl_0|dffs[2] ; PWM:inst4|lpm_counter:CPT_CLK_rtl_0|dffs[3] ; H_2_5MHZ     ; H_2_5MHZ    ; 0.000        ; 0.000      ; 8.000      ;
; 5.000 ; PWM:inst4|lpm_counter:CPT_CLK_rtl_0|dffs[1] ; PWM:inst4|lpm_counter:CPT_CLK_rtl_0|dffs[3] ; H_2_5MHZ     ; H_2_5MHZ    ; 0.000        ; 0.000      ; 8.000      ;
; 5.000 ; PWM:inst4|lpm_counter:CPT_CLK_rtl_0|dffs[0] ; PWM:inst4|lpm_counter:CPT_CLK_rtl_0|dffs[3] ; H_2_5MHZ     ; H_2_5MHZ    ; 0.000        ; 0.000      ; 8.000      ;
; 5.000 ; PWM:inst4|lpm_counter:CPT_CLK_rtl_0|dffs[4] ; PWM:inst4|lpm_counter:CPT_CLK_rtl_0|dffs[4] ; H_2_5MHZ     ; H_2_5MHZ    ; 0.000        ; 0.000      ; 8.000      ;
; 5.000 ; PWM:inst4|lpm_counter:CPT_CLK_rtl_0|dffs[3] ; PWM:inst4|lpm_counter:CPT_CLK_rtl_0|dffs[4] ; H_2_5MHZ     ; H_2_5MHZ    ; 0.000        ; 0.000      ; 8.000      ;
; 5.000 ; PWM:inst4|lpm_counter:CPT_CLK_rtl_0|dffs[2] ; PWM:inst4|lpm_counter:CPT_CLK_rtl_0|dffs[4] ; H_2_5MHZ     ; H_2_5MHZ    ; 0.000        ; 0.000      ; 8.000      ;
; 5.000 ; PWM:inst4|lpm_counter:CPT_CLK_rtl_0|dffs[1] ; PWM:inst4|lpm_counter:CPT_CLK_rtl_0|dffs[4] ; H_2_5MHZ     ; H_2_5MHZ    ; 0.000        ; 0.000      ; 8.000      ;
; 5.000 ; PWM:inst4|lpm_counter:CPT_CLK_rtl_0|dffs[0] ; PWM:inst4|lpm_counter:CPT_CLK_rtl_0|dffs[4] ; H_2_5MHZ     ; H_2_5MHZ    ; 0.000        ; 0.000      ; 8.000      ;
; 5.000 ; PWM:inst4|lpm_counter:CPT_CLK_rtl_0|dffs[5] ; PWM:inst4|lpm_counter:CPT_CLK_rtl_0|dffs[5] ; H_2_5MHZ     ; H_2_5MHZ    ; 0.000        ; 0.000      ; 8.000      ;
; 5.000 ; PWM:inst4|lpm_counter:CPT_CLK_rtl_0|dffs[4] ; PWM:inst4|lpm_counter:CPT_CLK_rtl_0|dffs[5] ; H_2_5MHZ     ; H_2_5MHZ    ; 0.000        ; 0.000      ; 8.000      ;
; 5.000 ; PWM:inst4|lpm_counter:CPT_CLK_rtl_0|dffs[3] ; PWM:inst4|lpm_counter:CPT_CLK_rtl_0|dffs[5] ; H_2_5MHZ     ; H_2_5MHZ    ; 0.000        ; 0.000      ; 8.000      ;
; 5.000 ; PWM:inst4|lpm_counter:CPT_CLK_rtl_0|dffs[2] ; PWM:inst4|lpm_counter:CPT_CLK_rtl_0|dffs[5] ; H_2_5MHZ     ; H_2_5MHZ    ; 0.000        ; 0.000      ; 8.000      ;
; 5.000 ; PWM:inst4|lpm_counter:CPT_CLK_rtl_0|dffs[1] ; PWM:inst4|lpm_counter:CPT_CLK_rtl_0|dffs[5] ; H_2_5MHZ     ; H_2_5MHZ    ; 0.000        ; 0.000      ; 8.000      ;
; 5.000 ; PWM:inst4|lpm_counter:CPT_CLK_rtl_0|dffs[0] ; PWM:inst4|lpm_counter:CPT_CLK_rtl_0|dffs[5] ; H_2_5MHZ     ; H_2_5MHZ    ; 0.000        ; 0.000      ; 8.000      ;
; 5.000 ; PWM:inst4|lpm_counter:CPT_CLK_rtl_0|dffs[6] ; PWM:inst4|lpm_counter:CPT_CLK_rtl_0|dffs[6] ; H_2_5MHZ     ; H_2_5MHZ    ; 0.000        ; 0.000      ; 8.000      ;
; 5.000 ; PWM:inst4|lpm_counter:CPT_CLK_rtl_0|dffs[5] ; PWM:inst4|lpm_counter:CPT_CLK_rtl_0|dffs[6] ; H_2_5MHZ     ; H_2_5MHZ    ; 0.000        ; 0.000      ; 8.000      ;
; 5.000 ; PWM:inst4|lpm_counter:CPT_CLK_rtl_0|dffs[4] ; PWM:inst4|lpm_counter:CPT_CLK_rtl_0|dffs[6] ; H_2_5MHZ     ; H_2_5MHZ    ; 0.000        ; 0.000      ; 8.000      ;
; 5.000 ; PWM:inst4|lpm_counter:CPT_CLK_rtl_0|dffs[3] ; PWM:inst4|lpm_counter:CPT_CLK_rtl_0|dffs[6] ; H_2_5MHZ     ; H_2_5MHZ    ; 0.000        ; 0.000      ; 8.000      ;
; 5.000 ; PWM:inst4|lpm_counter:CPT_CLK_rtl_0|dffs[2] ; PWM:inst4|lpm_counter:CPT_CLK_rtl_0|dffs[6] ; H_2_5MHZ     ; H_2_5MHZ    ; 0.000        ; 0.000      ; 8.000      ;
; 5.000 ; PWM:inst4|lpm_counter:CPT_CLK_rtl_0|dffs[1] ; PWM:inst4|lpm_counter:CPT_CLK_rtl_0|dffs[6] ; H_2_5MHZ     ; H_2_5MHZ    ; 0.000        ; 0.000      ; 8.000      ;
; 5.000 ; PWM:inst4|lpm_counter:CPT_CLK_rtl_0|dffs[0] ; PWM:inst4|lpm_counter:CPT_CLK_rtl_0|dffs[6] ; H_2_5MHZ     ; H_2_5MHZ    ; 0.000        ; 0.000      ; 8.000      ;
; 5.000 ; PWM:inst4|lpm_counter:CPT_CLK_rtl_0|dffs[7] ; PWM:inst4|lpm_counter:CPT_CLK_rtl_0|dffs[7] ; H_2_5MHZ     ; H_2_5MHZ    ; 0.000        ; 0.000      ; 8.000      ;
; 5.000 ; PWM:inst4|lpm_counter:CPT_CLK_rtl_0|dffs[6] ; PWM:inst4|lpm_counter:CPT_CLK_rtl_0|dffs[7] ; H_2_5MHZ     ; H_2_5MHZ    ; 0.000        ; 0.000      ; 8.000      ;
; 5.000 ; PWM:inst4|lpm_counter:CPT_CLK_rtl_0|dffs[5] ; PWM:inst4|lpm_counter:CPT_CLK_rtl_0|dffs[7] ; H_2_5MHZ     ; H_2_5MHZ    ; 0.000        ; 0.000      ; 8.000      ;
; 5.000 ; PWM:inst4|lpm_counter:CPT_CLK_rtl_0|dffs[4] ; PWM:inst4|lpm_counter:CPT_CLK_rtl_0|dffs[7] ; H_2_5MHZ     ; H_2_5MHZ    ; 0.000        ; 0.000      ; 8.000      ;
; 5.000 ; PWM:inst4|lpm_counter:CPT_CLK_rtl_0|dffs[3] ; PWM:inst4|lpm_counter:CPT_CLK_rtl_0|dffs[7] ; H_2_5MHZ     ; H_2_5MHZ    ; 0.000        ; 0.000      ; 8.000      ;
; 5.000 ; PWM:inst4|lpm_counter:CPT_CLK_rtl_0|dffs[2] ; PWM:inst4|lpm_counter:CPT_CLK_rtl_0|dffs[7] ; H_2_5MHZ     ; H_2_5MHZ    ; 0.000        ; 0.000      ; 8.000      ;
; 5.000 ; PWM:inst4|lpm_counter:CPT_CLK_rtl_0|dffs[1] ; PWM:inst4|lpm_counter:CPT_CLK_rtl_0|dffs[7] ; H_2_5MHZ     ; H_2_5MHZ    ; 0.000        ; 0.000      ; 8.000      ;
; 5.000 ; PWM:inst4|lpm_counter:CPT_CLK_rtl_0|dffs[0] ; PWM:inst4|lpm_counter:CPT_CLK_rtl_0|dffs[7] ; H_2_5MHZ     ; H_2_5MHZ    ; 0.000        ; 0.000      ; 8.000      ;
; 5.000 ; PWM:inst4|lpm_counter:CPT_CLK_rtl_0|dffs[7] ; PWM:inst4|H_10KHZ                           ; H_2_5MHZ     ; H_2_5MHZ    ; 0.000        ; 0.000      ; 8.000      ;
; 5.000 ; PWM:inst4|lpm_counter:CPT_CLK_rtl_0|dffs[6] ; PWM:inst4|H_10KHZ                           ; H_2_5MHZ     ; H_2_5MHZ    ; 0.000        ; 0.000      ; 8.000      ;
; 5.000 ; PWM:inst4|lpm_counter:CPT_CLK_rtl_0|dffs[5] ; PWM:inst4|H_10KHZ                           ; H_2_5MHZ     ; H_2_5MHZ    ; 0.000        ; 0.000      ; 8.000      ;
; 5.000 ; PWM:inst4|lpm_counter:CPT_CLK_rtl_0|dffs[4] ; PWM:inst4|H_10KHZ                           ; H_2_5MHZ     ; H_2_5MHZ    ; 0.000        ; 0.000      ; 8.000      ;
; 5.000 ; PWM:inst4|lpm_counter:CPT_CLK_rtl_0|dffs[3] ; PWM:inst4|H_10KHZ                           ; H_2_5MHZ     ; H_2_5MHZ    ; 0.000        ; 0.000      ; 8.000      ;
; 5.000 ; PWM:inst4|lpm_counter:CPT_CLK_rtl_0|dffs[2] ; PWM:inst4|H_10KHZ                           ; H_2_5MHZ     ; H_2_5MHZ    ; 0.000        ; 0.000      ; 8.000      ;
; 5.000 ; PWM:inst4|lpm_counter:CPT_CLK_rtl_0|dffs[1] ; PWM:inst4|H_10KHZ                           ; H_2_5MHZ     ; H_2_5MHZ    ; 0.000        ; 0.000      ; 8.000      ;
; 5.000 ; PWM:inst4|lpm_counter:CPT_CLK_rtl_0|dffs[0] ; PWM:inst4|H_10KHZ                           ; H_2_5MHZ     ; H_2_5MHZ    ; 0.000        ; 0.000      ; 8.000      ;
+-------+---------------------------------------------+---------------------------------------------+--------------+-------------+--------------+------------+------------+


+--------------------------------------------------------------------------------------------------------------------------------------------------------------+
; Hold: 'PWM:inst4|H_10KHZ'                                                                                                                                    ;
+-------+----------------------------------+----------------------------------+-------------------+-------------------+--------------+------------+------------+
; Slack ; From Node                        ; To Node                          ; Launch Clock      ; Latch Clock       ; Relationship ; Clock Skew ; Data Delay ;
+-------+----------------------------------+----------------------------------+-------------------+-------------------+--------------+------------+------------+
; 5.000 ; filtre_hall:inst5|hall_filtre[1] ; collecteur_num:inst3|Command[5]  ; PWM:inst4|H_10KHZ ; PWM:inst4|H_10KHZ ; 0.000        ; 0.000      ; 8.000      ;
; 5.000 ; filtre_hall:inst5|hall_filtre[0] ; collecteur_num:inst3|Command[5]  ; PWM:inst4|H_10KHZ ; PWM:inst4|H_10KHZ ; 0.000        ; 0.000      ; 8.000      ;
; 5.000 ; filtre_hall:inst5|valid_hall     ; collecteur_num:inst3|Command[5]  ; PWM:inst4|H_10KHZ ; PWM:inst4|H_10KHZ ; 0.000        ; 0.000      ; 8.000      ;
; 5.000 ; collecteur_num:inst3|Command[5]  ; collecteur_num:inst3|Command[5]  ; PWM:inst4|H_10KHZ ; PWM:inst4|H_10KHZ ; 0.000        ; 0.000      ; 8.000      ;
; 5.000 ; filtre_hall:inst5|hall_filtre[1] ; collecteur_num:inst3|Command[4]  ; PWM:inst4|H_10KHZ ; PWM:inst4|H_10KHZ ; 0.000        ; 0.000      ; 8.000      ;
; 5.000 ; filtre_hall:inst5|hall_filtre[0] ; collecteur_num:inst3|Command[4]  ; PWM:inst4|H_10KHZ ; PWM:inst4|H_10KHZ ; 0.000        ; 0.000      ; 8.000      ;
; 5.000 ; filtre_hall:inst5|valid_hall     ; collecteur_num:inst3|Command[4]  ; PWM:inst4|H_10KHZ ; PWM:inst4|H_10KHZ ; 0.000        ; 0.000      ; 8.000      ;
; 5.000 ; collecteur_num:inst3|Command[4]  ; collecteur_num:inst3|Command[4]  ; PWM:inst4|H_10KHZ ; PWM:inst4|H_10KHZ ; 0.000        ; 0.000      ; 8.000      ;
; 5.000 ; filtre_hall:inst5|hall_filtre[2] ; collecteur_num:inst3|Command[3]  ; PWM:inst4|H_10KHZ ; PWM:inst4|H_10KHZ ; 0.000        ; 0.000      ; 8.000      ;
; 5.000 ; filtre_hall:inst5|hall_filtre[1] ; collecteur_num:inst3|Command[3]  ; PWM:inst4|H_10KHZ ; PWM:inst4|H_10KHZ ; 0.000        ; 0.000      ; 8.000      ;
; 5.000 ; filtre_hall:inst5|valid_hall     ; collecteur_num:inst3|Command[3]  ; PWM:inst4|H_10KHZ ; PWM:inst4|H_10KHZ ; 0.000        ; 0.000      ; 8.000      ;
; 5.000 ; collecteur_num:inst3|Command[3]  ; collecteur_num:inst3|Command[3]  ; PWM:inst4|H_10KHZ ; PWM:inst4|H_10KHZ ; 0.000        ; 0.000      ; 8.000      ;
; 5.000 ; filtre_hall:inst5|hall_filtre[2] ; collecteur_num:inst3|Command[2]  ; PWM:inst4|H_10KHZ ; PWM:inst4|H_10KHZ ; 0.000        ; 0.000      ; 8.000      ;
; 5.000 ; filtre_hall:inst5|hall_filtre[1] ; collecteur_num:inst3|Command[2]  ; PWM:inst4|H_10KHZ ; PWM:inst4|H_10KHZ ; 0.000        ; 0.000      ; 8.000      ;
; 5.000 ; filtre_hall:inst5|valid_hall     ; collecteur_num:inst3|Command[2]  ; PWM:inst4|H_10KHZ ; PWM:inst4|H_10KHZ ; 0.000        ; 0.000      ; 8.000      ;
; 5.000 ; collecteur_num:inst3|Command[2]  ; collecteur_num:inst3|Command[2]  ; PWM:inst4|H_10KHZ ; PWM:inst4|H_10KHZ ; 0.000        ; 0.000      ; 8.000      ;
; 5.000 ; filtre_hall:inst5|hall_filtre[2] ; collecteur_num:inst3|Command[1]  ; PWM:inst4|H_10KHZ ; PWM:inst4|H_10KHZ ; 0.000        ; 0.000      ; 8.000      ;
; 5.000 ; filtre_hall:inst5|hall_filtre[0] ; collecteur_num:inst3|Command[1]  ; PWM:inst4|H_10KHZ ; PWM:inst4|H_10KHZ ; 0.000        ; 0.000      ; 8.000      ;
; 5.000 ; filtre_hall:inst5|valid_hall     ; collecteur_num:inst3|Command[1]  ; PWM:inst4|H_10KHZ ; PWM:inst4|H_10KHZ ; 0.000        ; 0.000      ; 8.000      ;
; 5.000 ; collecteur_num:inst3|Command[1]  ; collecteur_num:inst3|Command[1]  ; PWM:inst4|H_10KHZ ; PWM:inst4|H_10KHZ ; 0.000        ; 0.000      ; 8.000      ;
; 5.000 ; filtre_hall:inst5|hall_filtre[2] ; collecteur_num:inst3|Command[0]  ; PWM:inst4|H_10KHZ ; PWM:inst4|H_10KHZ ; 0.000        ; 0.000      ; 8.000      ;
; 5.000 ; filtre_hall:inst5|hall_filtre[0] ; collecteur_num:inst3|Command[0]  ; PWM:inst4|H_10KHZ ; PWM:inst4|H_10KHZ ; 0.000        ; 0.000      ; 8.000      ;
; 5.000 ; filtre_hall:inst5|valid_hall     ; collecteur_num:inst3|Command[0]  ; PWM:inst4|H_10KHZ ; PWM:inst4|H_10KHZ ; 0.000        ; 0.000      ; 8.000      ;
; 5.000 ; collecteur_num:inst3|Command[0]  ; collecteur_num:inst3|Command[0]  ; PWM:inst4|H_10KHZ ; PWM:inst4|H_10KHZ ; 0.000        ; 0.000      ; 8.000      ;
; 5.000 ; filtre_hall:inst5|N_3[0]         ; filtre_hall:inst5|hall_filtre[0] ; PWM:inst4|H_10KHZ ; PWM:inst4|H_10KHZ ; 0.000        ; 0.000      ; 8.000      ;
; 5.000 ; filtre_hall:inst5|N[0]           ; filtre_hall:inst5|hall_filtre[0] ; PWM:inst4|H_10KHZ ; PWM:inst4|H_10KHZ ; 0.000        ; 0.000      ; 8.000      ;
; 5.000 ; filtre_hall:inst5|N_2[0]         ; filtre_hall:inst5|hall_filtre[0] ; PWM:inst4|H_10KHZ ; PWM:inst4|H_10KHZ ; 0.000        ; 0.000      ; 8.000      ;
; 5.000 ; filtre_hall:inst5|N[1]           ; filtre_hall:inst5|hall_filtre[0] ; PWM:inst4|H_10KHZ ; PWM:inst4|H_10KHZ ; 0.000        ; 0.000      ; 8.000      ;
; 5.000 ; filtre_hall:inst5|N_3[1]         ; filtre_hall:inst5|hall_filtre[0] ; PWM:inst4|H_10KHZ ; PWM:inst4|H_10KHZ ; 0.000        ; 0.000      ; 8.000      ;
; 5.000 ; filtre_hall:inst5|N_2[1]         ; filtre_hall:inst5|hall_filtre[0] ; PWM:inst4|H_10KHZ ; PWM:inst4|H_10KHZ ; 0.000        ; 0.000      ; 8.000      ;
; 5.000 ; filtre_hall:inst5|N[2]           ; filtre_hall:inst5|hall_filtre[0] ; PWM:inst4|H_10KHZ ; PWM:inst4|H_10KHZ ; 0.000        ; 0.000      ; 8.000      ;
; 5.000 ; filtre_hall:inst5|N_3[2]         ; filtre_hall:inst5|hall_filtre[0] ; PWM:inst4|H_10KHZ ; PWM:inst4|H_10KHZ ; 0.000        ; 0.000      ; 8.000      ;
; 5.000 ; filtre_hall:inst5|N_2[2]         ; filtre_hall:inst5|hall_filtre[0] ; PWM:inst4|H_10KHZ ; PWM:inst4|H_10KHZ ; 0.000        ; 0.000      ; 8.000      ;
; 5.000 ; filtre_hall:inst5|hall_filtre[0] ; filtre_hall:inst5|hall_filtre[0] ; PWM:inst4|H_10KHZ ; PWM:inst4|H_10KHZ ; 0.000        ; 0.000      ; 8.000      ;
; 5.000 ; filtre_hall:inst5|N_3[1]         ; filtre_hall:inst5|hall_filtre[1] ; PWM:inst4|H_10KHZ ; PWM:inst4|H_10KHZ ; 0.000        ; 0.000      ; 8.000      ;
; 5.000 ; filtre_hall:inst5|N[0]           ; filtre_hall:inst5|hall_filtre[1] ; PWM:inst4|H_10KHZ ; PWM:inst4|H_10KHZ ; 0.000        ; 0.000      ; 8.000      ;
; 5.000 ; filtre_hall:inst5|N_3[0]         ; filtre_hall:inst5|hall_filtre[1] ; PWM:inst4|H_10KHZ ; PWM:inst4|H_10KHZ ; 0.000        ; 0.000      ; 8.000      ;
; 5.000 ; filtre_hall:inst5|N_2[0]         ; filtre_hall:inst5|hall_filtre[1] ; PWM:inst4|H_10KHZ ; PWM:inst4|H_10KHZ ; 0.000        ; 0.000      ; 8.000      ;
; 5.000 ; filtre_hall:inst5|N[1]           ; filtre_hall:inst5|hall_filtre[1] ; PWM:inst4|H_10KHZ ; PWM:inst4|H_10KHZ ; 0.000        ; 0.000      ; 8.000      ;
; 5.000 ; filtre_hall:inst5|N_2[1]         ; filtre_hall:inst5|hall_filtre[1] ; PWM:inst4|H_10KHZ ; PWM:inst4|H_10KHZ ; 0.000        ; 0.000      ; 8.000      ;
; 5.000 ; filtre_hall:inst5|N[2]           ; filtre_hall:inst5|hall_filtre[1] ; PWM:inst4|H_10KHZ ; PWM:inst4|H_10KHZ ; 0.000        ; 0.000      ; 8.000      ;
; 5.000 ; filtre_hall:inst5|N_3[2]         ; filtre_hall:inst5|hall_filtre[1] ; PWM:inst4|H_10KHZ ; PWM:inst4|H_10KHZ ; 0.000        ; 0.000      ; 8.000      ;
; 5.000 ; filtre_hall:inst5|N_2[2]         ; filtre_hall:inst5|hall_filtre[1] ; PWM:inst4|H_10KHZ ; PWM:inst4|H_10KHZ ; 0.000        ; 0.000      ; 8.000      ;
; 5.000 ; filtre_hall:inst5|hall_filtre[1] ; filtre_hall:inst5|hall_filtre[1] ; PWM:inst4|H_10KHZ ; PWM:inst4|H_10KHZ ; 0.000        ; 0.000      ; 8.000      ;
; 5.000 ; filtre_hall:inst5|N_3[2]         ; filtre_hall:inst5|hall_filtre[2] ; PWM:inst4|H_10KHZ ; PWM:inst4|H_10KHZ ; 0.000        ; 0.000      ; 8.000      ;
; 5.000 ; filtre_hall:inst5|N[0]           ; filtre_hall:inst5|hall_filtre[2] ; PWM:inst4|H_10KHZ ; PWM:inst4|H_10KHZ ; 0.000        ; 0.000      ; 8.000      ;
; 5.000 ; filtre_hall:inst5|N_3[0]         ; filtre_hall:inst5|hall_filtre[2] ; PWM:inst4|H_10KHZ ; PWM:inst4|H_10KHZ ; 0.000        ; 0.000      ; 8.000      ;
; 5.000 ; filtre_hall:inst5|N_2[0]         ; filtre_hall:inst5|hall_filtre[2] ; PWM:inst4|H_10KHZ ; PWM:inst4|H_10KHZ ; 0.000        ; 0.000      ; 8.000      ;
; 5.000 ; filtre_hall:inst5|N[1]           ; filtre_hall:inst5|hall_filtre[2] ; PWM:inst4|H_10KHZ ; PWM:inst4|H_10KHZ ; 0.000        ; 0.000      ; 8.000      ;
; 5.000 ; filtre_hall:inst5|N_2[1]         ; filtre_hall:inst5|hall_filtre[2] ; PWM:inst4|H_10KHZ ; PWM:inst4|H_10KHZ ; 0.000        ; 0.000      ; 8.000      ;
; 5.000 ; filtre_hall:inst5|N_3[1]         ; filtre_hall:inst5|hall_filtre[2] ; PWM:inst4|H_10KHZ ; PWM:inst4|H_10KHZ ; 0.000        ; 0.000      ; 8.000      ;
; 5.000 ; filtre_hall:inst5|N[2]           ; filtre_hall:inst5|hall_filtre[2] ; PWM:inst4|H_10KHZ ; PWM:inst4|H_10KHZ ; 0.000        ; 0.000      ; 8.000      ;
; 5.000 ; filtre_hall:inst5|N_2[2]         ; filtre_hall:inst5|hall_filtre[2] ; PWM:inst4|H_10KHZ ; PWM:inst4|H_10KHZ ; 0.000        ; 0.000      ; 8.000      ;
; 5.000 ; filtre_hall:inst5|hall_filtre[2] ; filtre_hall:inst5|hall_filtre[2] ; PWM:inst4|H_10KHZ ; PWM:inst4|H_10KHZ ; 0.000        ; 0.000      ; 8.000      ;
; 5.000 ; filtre_hall:inst5|N_2[0]         ; filtre_hall:inst5|valid_hall     ; PWM:inst4|H_10KHZ ; PWM:inst4|H_10KHZ ; 0.000        ; 0.000      ; 8.000      ;
; 5.000 ; filtre_hall:inst5|N_3[0]         ; filtre_hall:inst5|valid_hall     ; PWM:inst4|H_10KHZ ; PWM:inst4|H_10KHZ ; 0.000        ; 0.000      ; 8.000      ;
; 5.000 ; filtre_hall:inst5|N_2[1]         ; filtre_hall:inst5|valid_hall     ; PWM:inst4|H_10KHZ ; PWM:inst4|H_10KHZ ; 0.000        ; 0.000      ; 8.000      ;
; 5.000 ; filtre_hall:inst5|N_3[1]         ; filtre_hall:inst5|valid_hall     ; PWM:inst4|H_10KHZ ; PWM:inst4|H_10KHZ ; 0.000        ; 0.000      ; 8.000      ;
; 5.000 ; filtre_hall:inst5|N_2[2]         ; filtre_hall:inst5|valid_hall     ; PWM:inst4|H_10KHZ ; PWM:inst4|H_10KHZ ; 0.000        ; 0.000      ; 8.000      ;
; 5.000 ; filtre_hall:inst5|N_3[2]         ; filtre_hall:inst5|valid_hall     ; PWM:inst4|H_10KHZ ; PWM:inst4|H_10KHZ ; 0.000        ; 0.000      ; 8.000      ;
; 5.000 ; filtre_hall:inst5|N[0]           ; filtre_hall:inst5|valid_hall     ; PWM:inst4|H_10KHZ ; PWM:inst4|H_10KHZ ; 0.000        ; 0.000      ; 8.000      ;
; 5.000 ; filtre_hall:inst5|N[1]           ; filtre_hall:inst5|valid_hall     ; PWM:inst4|H_10KHZ ; PWM:inst4|H_10KHZ ; 0.000        ; 0.000      ; 8.000      ;
; 5.000 ; filtre_hall:inst5|N[2]           ; filtre_hall:inst5|valid_hall     ; PWM:inst4|H_10KHZ ; PWM:inst4|H_10KHZ ; 0.000        ; 0.000      ; 8.000      ;
; 5.000 ; filtre_hall:inst5|N_2[2]         ; filtre_hall:inst5|N_3[2]         ; PWM:inst4|H_10KHZ ; PWM:inst4|H_10KHZ ; 0.000        ; 0.000      ; 8.000      ;
; 5.000 ; filtre_hall:inst5|N_2[1]         ; filtre_hall:inst5|N_3[1]         ; PWM:inst4|H_10KHZ ; PWM:inst4|H_10KHZ ; 0.000        ; 0.000      ; 8.000      ;
; 5.000 ; filtre_hall:inst5|N_2[0]         ; filtre_hall:inst5|N_3[0]         ; PWM:inst4|H_10KHZ ; PWM:inst4|H_10KHZ ; 0.000        ; 0.000      ; 8.000      ;
; 5.000 ; filtre_hall:inst5|N[2]           ; filtre_hall:inst5|N_2[2]         ; PWM:inst4|H_10KHZ ; PWM:inst4|H_10KHZ ; 0.000        ; 0.000      ; 8.000      ;
; 5.000 ; filtre_hall:inst5|N[1]           ; filtre_hall:inst5|N_2[1]         ; PWM:inst4|H_10KHZ ; PWM:inst4|H_10KHZ ; 0.000        ; 0.000      ; 8.000      ;
; 5.000 ; filtre_hall:inst5|N[0]           ; filtre_hall:inst5|N_2[0]         ; PWM:inst4|H_10KHZ ; PWM:inst4|H_10KHZ ; 0.000        ; 0.000      ; 8.000      ;
+-------+----------------------------------+----------------------------------+-------------------+-------------------+--------------+------------+------------+


+-------------------------------------------------------------------------------------------------------------------------------+
; Minimum Pulse Width: 'PWM:inst4|H_10KHZ'                                                                                      ;
+--------+--------------+----------------+------------------+-------------------+------------+----------------------------------+
; Slack  ; Actual Width ; Required Width ; Type             ; Clock             ; Clock Edge ; Target                           ;
+--------+--------------+----------------+------------------+-------------------+------------+----------------------------------+
; -3.500 ; 0.500        ; 4.000          ; High Pulse Width ; PWM:inst4|H_10KHZ ; Rise       ; collecteur_num:inst3|Command[0]  ;
; -3.500 ; 0.500        ; 4.000          ; Low Pulse Width  ; PWM:inst4|H_10KHZ ; Rise       ; collecteur_num:inst3|Command[0]  ;
; -3.500 ; 0.500        ; 4.000          ; High Pulse Width ; PWM:inst4|H_10KHZ ; Rise       ; collecteur_num:inst3|Command[1]  ;
; -3.500 ; 0.500        ; 4.000          ; Low Pulse Width  ; PWM:inst4|H_10KHZ ; Rise       ; collecteur_num:inst3|Command[1]  ;
; -3.500 ; 0.500        ; 4.000          ; High Pulse Width ; PWM:inst4|H_10KHZ ; Rise       ; collecteur_num:inst3|Command[2]  ;
; -3.500 ; 0.500        ; 4.000          ; Low Pulse Width  ; PWM:inst4|H_10KHZ ; Rise       ; collecteur_num:inst3|Command[2]  ;
; -3.500 ; 0.500        ; 4.000          ; High Pulse Width ; PWM:inst4|H_10KHZ ; Rise       ; collecteur_num:inst3|Command[3]  ;
; -3.500 ; 0.500        ; 4.000          ; Low Pulse Width  ; PWM:inst4|H_10KHZ ; Rise       ; collecteur_num:inst3|Command[3]  ;
; -3.500 ; 0.500        ; 4.000          ; High Pulse Width ; PWM:inst4|H_10KHZ ; Rise       ; collecteur_num:inst3|Command[4]  ;
; -3.500 ; 0.500        ; 4.000          ; Low Pulse Width  ; PWM:inst4|H_10KHZ ; Rise       ; collecteur_num:inst3|Command[4]  ;
; -3.500 ; 0.500        ; 4.000          ; High Pulse Width ; PWM:inst4|H_10KHZ ; Rise       ; collecteur_num:inst3|Command[5]  ;
; -3.500 ; 0.500        ; 4.000          ; Low Pulse Width  ; PWM:inst4|H_10KHZ ; Rise       ; collecteur_num:inst3|Command[5]  ;
; -3.500 ; 0.500        ; 4.000          ; High Pulse Width ; PWM:inst4|H_10KHZ ; Rise       ; filtre_hall:inst5|N[0]           ;
; -3.500 ; 0.500        ; 4.000          ; Low Pulse Width  ; PWM:inst4|H_10KHZ ; Rise       ; filtre_hall:inst5|N[0]           ;
; -3.500 ; 0.500        ; 4.000          ; High Pulse Width ; PWM:inst4|H_10KHZ ; Rise       ; filtre_hall:inst5|N[1]           ;
; -3.500 ; 0.500        ; 4.000          ; Low Pulse Width  ; PWM:inst4|H_10KHZ ; Rise       ; filtre_hall:inst5|N[1]           ;
; -3.500 ; 0.500        ; 4.000          ; High Pulse Width ; PWM:inst4|H_10KHZ ; Rise       ; filtre_hall:inst5|N[2]           ;
; -3.500 ; 0.500        ; 4.000          ; Low Pulse Width  ; PWM:inst4|H_10KHZ ; Rise       ; filtre_hall:inst5|N[2]           ;
; -3.500 ; 0.500        ; 4.000          ; High Pulse Width ; PWM:inst4|H_10KHZ ; Rise       ; filtre_hall:inst5|N_2[0]         ;
; -3.500 ; 0.500        ; 4.000          ; Low Pulse Width  ; PWM:inst4|H_10KHZ ; Rise       ; filtre_hall:inst5|N_2[0]         ;
; -3.500 ; 0.500        ; 4.000          ; High Pulse Width ; PWM:inst4|H_10KHZ ; Rise       ; filtre_hall:inst5|N_2[1]         ;
; -3.500 ; 0.500        ; 4.000          ; Low Pulse Width  ; PWM:inst4|H_10KHZ ; Rise       ; filtre_hall:inst5|N_2[1]         ;
; -3.500 ; 0.500        ; 4.000          ; High Pulse Width ; PWM:inst4|H_10KHZ ; Rise       ; filtre_hall:inst5|N_2[2]         ;
; -3.500 ; 0.500        ; 4.000          ; Low Pulse Width  ; PWM:inst4|H_10KHZ ; Rise       ; filtre_hall:inst5|N_2[2]         ;
; -3.500 ; 0.500        ; 4.000          ; High Pulse Width ; PWM:inst4|H_10KHZ ; Rise       ; filtre_hall:inst5|N_3[0]         ;
; -3.500 ; 0.500        ; 4.000          ; Low Pulse Width  ; PWM:inst4|H_10KHZ ; Rise       ; filtre_hall:inst5|N_3[0]         ;
; -3.500 ; 0.500        ; 4.000          ; High Pulse Width ; PWM:inst4|H_10KHZ ; Rise       ; filtre_hall:inst5|N_3[1]         ;
; -3.500 ; 0.500        ; 4.000          ; Low Pulse Width  ; PWM:inst4|H_10KHZ ; Rise       ; filtre_hall:inst5|N_3[1]         ;
; -3.500 ; 0.500        ; 4.000          ; High Pulse Width ; PWM:inst4|H_10KHZ ; Rise       ; filtre_hall:inst5|N_3[2]         ;
; -3.500 ; 0.500        ; 4.000          ; Low Pulse Width  ; PWM:inst4|H_10KHZ ; Rise       ; filtre_hall:inst5|N_3[2]         ;
; -3.500 ; 0.500        ; 4.000          ; High Pulse Width ; PWM:inst4|H_10KHZ ; Rise       ; filtre_hall:inst5|hall_filtre[0] ;
; -3.500 ; 0.500        ; 4.000          ; Low Pulse Width  ; PWM:inst4|H_10KHZ ; Rise       ; filtre_hall:inst5|hall_filtre[0] ;
; -3.500 ; 0.500        ; 4.000          ; High Pulse Width ; PWM:inst4|H_10KHZ ; Rise       ; filtre_hall:inst5|hall_filtre[1] ;
; -3.500 ; 0.500        ; 4.000          ; Low Pulse Width  ; PWM:inst4|H_10KHZ ; Rise       ; filtre_hall:inst5|hall_filtre[1] ;
; -3.500 ; 0.500        ; 4.000          ; High Pulse Width ; PWM:inst4|H_10KHZ ; Rise       ; filtre_hall:inst5|hall_filtre[2] ;
; -3.500 ; 0.500        ; 4.000          ; Low Pulse Width  ; PWM:inst4|H_10KHZ ; Rise       ; filtre_hall:inst5|hall_filtre[2] ;
; -3.500 ; 0.500        ; 4.000          ; High Pulse Width ; PWM:inst4|H_10KHZ ; Rise       ; filtre_hall:inst5|valid_hall     ;
; -3.500 ; 0.500        ; 4.000          ; Low Pulse Width  ; PWM:inst4|H_10KHZ ; Rise       ; filtre_hall:inst5|valid_hall     ;
; 0.500  ; 0.500        ; 0.000          ; High Pulse Width ; PWM:inst4|H_10KHZ ; Rise       ; inst3|Command[0]|[4]             ;
; 0.500  ; 0.500        ; 0.000          ; Low Pulse Width  ; PWM:inst4|H_10KHZ ; Rise       ; inst3|Command[0]|[4]             ;
; 0.500  ; 0.500        ; 0.000          ; High Pulse Width ; PWM:inst4|H_10KHZ ; Rise       ; inst3|Command[1]|[4]             ;
; 0.500  ; 0.500        ; 0.000          ; Low Pulse Width  ; PWM:inst4|H_10KHZ ; Rise       ; inst3|Command[1]|[4]             ;
; 0.500  ; 0.500        ; 0.000          ; High Pulse Width ; PWM:inst4|H_10KHZ ; Rise       ; inst3|Command[2]|[4]             ;
; 0.500  ; 0.500        ; 0.000          ; Low Pulse Width  ; PWM:inst4|H_10KHZ ; Rise       ; inst3|Command[2]|[4]             ;
; 0.500  ; 0.500        ; 0.000          ; High Pulse Width ; PWM:inst4|H_10KHZ ; Rise       ; inst3|Command[3]|[4]             ;
; 0.500  ; 0.500        ; 0.000          ; Low Pulse Width  ; PWM:inst4|H_10KHZ ; Rise       ; inst3|Command[3]|[4]             ;
; 0.500  ; 0.500        ; 0.000          ; High Pulse Width ; PWM:inst4|H_10KHZ ; Rise       ; inst3|Command[4]|[4]             ;
; 0.500  ; 0.500        ; 0.000          ; Low Pulse Width  ; PWM:inst4|H_10KHZ ; Rise       ; inst3|Command[4]|[4]             ;
; 0.500  ; 0.500        ; 0.000          ; High Pulse Width ; PWM:inst4|H_10KHZ ; Rise       ; inst3|Command[5]|[4]             ;
; 0.500  ; 0.500        ; 0.000          ; Low Pulse Width  ; PWM:inst4|H_10KHZ ; Rise       ; inst3|Command[5]|[4]             ;
; 0.500  ; 0.500        ; 0.000          ; High Pulse Width ; PWM:inst4|H_10KHZ ; Rise       ; inst4|H_10KHZ|dataout            ;
; 0.500  ; 0.500        ; 0.000          ; Low Pulse Width  ; PWM:inst4|H_10KHZ ; Rise       ; inst4|H_10KHZ|dataout            ;
; 0.500  ; 0.500        ; 0.000          ; High Pulse Width ; PWM:inst4|H_10KHZ ; Rise       ; inst5|N[0]|[1]                   ;
; 0.500  ; 0.500        ; 0.000          ; Low Pulse Width  ; PWM:inst4|H_10KHZ ; Rise       ; inst5|N[0]|[1]                   ;
; 0.500  ; 0.500        ; 0.000          ; High Pulse Width ; PWM:inst4|H_10KHZ ; Rise       ; inst5|N[1]|[1]                   ;
; 0.500  ; 0.500        ; 0.000          ; Low Pulse Width  ; PWM:inst4|H_10KHZ ; Rise       ; inst5|N[1]|[1]                   ;
; 0.500  ; 0.500        ; 0.000          ; High Pulse Width ; PWM:inst4|H_10KHZ ; Rise       ; inst5|N[2]|[1]                   ;
; 0.500  ; 0.500        ; 0.000          ; Low Pulse Width  ; PWM:inst4|H_10KHZ ; Rise       ; inst5|N[2]|[1]                   ;
; 0.500  ; 0.500        ; 0.000          ; High Pulse Width ; PWM:inst4|H_10KHZ ; Rise       ; inst5|N_2[0]|[1]                 ;
; 0.500  ; 0.500        ; 0.000          ; Low Pulse Width  ; PWM:inst4|H_10KHZ ; Rise       ; inst5|N_2[0]|[1]                 ;
; 0.500  ; 0.500        ; 0.000          ; High Pulse Width ; PWM:inst4|H_10KHZ ; Rise       ; inst5|N_2[1]|[1]                 ;
; 0.500  ; 0.500        ; 0.000          ; Low Pulse Width  ; PWM:inst4|H_10KHZ ; Rise       ; inst5|N_2[1]|[1]                 ;
; 0.500  ; 0.500        ; 0.000          ; High Pulse Width ; PWM:inst4|H_10KHZ ; Rise       ; inst5|N_2[2]|[1]                 ;
; 0.500  ; 0.500        ; 0.000          ; Low Pulse Width  ; PWM:inst4|H_10KHZ ; Rise       ; inst5|N_2[2]|[1]                 ;
; 0.500  ; 0.500        ; 0.000          ; High Pulse Width ; PWM:inst4|H_10KHZ ; Rise       ; inst5|N_3[0]|[1]                 ;
; 0.500  ; 0.500        ; 0.000          ; Low Pulse Width  ; PWM:inst4|H_10KHZ ; Rise       ; inst5|N_3[0]|[1]                 ;
; 0.500  ; 0.500        ; 0.000          ; High Pulse Width ; PWM:inst4|H_10KHZ ; Rise       ; inst5|N_3[1]|[1]                 ;
; 0.500  ; 0.500        ; 0.000          ; Low Pulse Width  ; PWM:inst4|H_10KHZ ; Rise       ; inst5|N_3[1]|[1]                 ;
; 0.500  ; 0.500        ; 0.000          ; High Pulse Width ; PWM:inst4|H_10KHZ ; Rise       ; inst5|N_3[2]|[1]                 ;
; 0.500  ; 0.500        ; 0.000          ; Low Pulse Width  ; PWM:inst4|H_10KHZ ; Rise       ; inst5|N_3[2]|[1]                 ;
; 0.500  ; 0.500        ; 0.000          ; High Pulse Width ; PWM:inst4|H_10KHZ ; Rise       ; inst5|hall_filtre[0]|[10]        ;
; 0.500  ; 0.500        ; 0.000          ; Low Pulse Width  ; PWM:inst4|H_10KHZ ; Rise       ; inst5|hall_filtre[0]|[10]        ;
; 0.500  ; 0.500        ; 0.000          ; High Pulse Width ; PWM:inst4|H_10KHZ ; Rise       ; inst5|hall_filtre[1]|[10]        ;
; 0.500  ; 0.500        ; 0.000          ; Low Pulse Width  ; PWM:inst4|H_10KHZ ; Rise       ; inst5|hall_filtre[1]|[10]        ;
; 0.500  ; 0.500        ; 0.000          ; High Pulse Width ; PWM:inst4|H_10KHZ ; Rise       ; inst5|hall_filtre[2]|[10]        ;
; 0.500  ; 0.500        ; 0.000          ; Low Pulse Width  ; PWM:inst4|H_10KHZ ; Rise       ; inst5|hall_filtre[2]|[10]        ;
; 0.500  ; 0.500        ; 0.000          ; High Pulse Width ; PWM:inst4|H_10KHZ ; Rise       ; inst5|valid_hall|[9]             ;
; 0.500  ; 0.500        ; 0.000          ; Low Pulse Width  ; PWM:inst4|H_10KHZ ; Rise       ; inst5|valid_hall|[9]             ;
+--------+--------------+----------------+------------------+-------------------+------------+----------------------------------+


+---------------------------------------------------------------------------------------------------------------------------------+
; Minimum Pulse Width: 'H_2_5MHZ'                                                                                                 ;
+--------+--------------+----------------+------------------+----------+------------+---------------------------------------------+
; Slack  ; Actual Width ; Required Width ; Type             ; Clock    ; Clock Edge ; Target                                      ;
+--------+--------------+----------------+------------------+----------+------------+---------------------------------------------+
; -3.500 ; 0.500        ; 4.000          ; High Pulse Width ; H_2_5MHZ ; Rise       ; PWM:inst4|H_10KHZ                           ;
; -3.500 ; 0.500        ; 4.000          ; Low Pulse Width  ; H_2_5MHZ ; Rise       ; PWM:inst4|H_10KHZ                           ;
; -3.500 ; 0.500        ; 4.000          ; High Pulse Width ; H_2_5MHZ ; Rise       ; PWM:inst4|lpm_counter:CPT_CLK_rtl_0|dffs[0] ;
; -3.500 ; 0.500        ; 4.000          ; Low Pulse Width  ; H_2_5MHZ ; Rise       ; PWM:inst4|lpm_counter:CPT_CLK_rtl_0|dffs[0] ;
; -3.500 ; 0.500        ; 4.000          ; High Pulse Width ; H_2_5MHZ ; Rise       ; PWM:inst4|lpm_counter:CPT_CLK_rtl_0|dffs[1] ;
; -3.500 ; 0.500        ; 4.000          ; Low Pulse Width  ; H_2_5MHZ ; Rise       ; PWM:inst4|lpm_counter:CPT_CLK_rtl_0|dffs[1] ;
; -3.500 ; 0.500        ; 4.000          ; High Pulse Width ; H_2_5MHZ ; Rise       ; PWM:inst4|lpm_counter:CPT_CLK_rtl_0|dffs[2] ;
; -3.500 ; 0.500        ; 4.000          ; Low Pulse Width  ; H_2_5MHZ ; Rise       ; PWM:inst4|lpm_counter:CPT_CLK_rtl_0|dffs[2] ;
; -3.500 ; 0.500        ; 4.000          ; High Pulse Width ; H_2_5MHZ ; Rise       ; PWM:inst4|lpm_counter:CPT_CLK_rtl_0|dffs[3] ;
; -3.500 ; 0.500        ; 4.000          ; Low Pulse Width  ; H_2_5MHZ ; Rise       ; PWM:inst4|lpm_counter:CPT_CLK_rtl_0|dffs[3] ;
; -3.500 ; 0.500        ; 4.000          ; High Pulse Width ; H_2_5MHZ ; Rise       ; PWM:inst4|lpm_counter:CPT_CLK_rtl_0|dffs[4] ;
; -3.500 ; 0.500        ; 4.000          ; Low Pulse Width  ; H_2_5MHZ ; Rise       ; PWM:inst4|lpm_counter:CPT_CLK_rtl_0|dffs[4] ;
; -3.500 ; 0.500        ; 4.000          ; High Pulse Width ; H_2_5MHZ ; Rise       ; PWM:inst4|lpm_counter:CPT_CLK_rtl_0|dffs[5] ;
; -3.500 ; 0.500        ; 4.000          ; Low Pulse Width  ; H_2_5MHZ ; Rise       ; PWM:inst4|lpm_counter:CPT_CLK_rtl_0|dffs[5] ;
; -3.500 ; 0.500        ; 4.000          ; High Pulse Width ; H_2_5MHZ ; Rise       ; PWM:inst4|lpm_counter:CPT_CLK_rtl_0|dffs[6] ;
; -3.500 ; 0.500        ; 4.000          ; Low Pulse Width  ; H_2_5MHZ ; Rise       ; PWM:inst4|lpm_counter:CPT_CLK_rtl_0|dffs[6] ;
; -3.500 ; 0.500        ; 4.000          ; High Pulse Width ; H_2_5MHZ ; Rise       ; PWM:inst4|lpm_counter:CPT_CLK_rtl_0|dffs[7] ;
; -3.500 ; 0.500        ; 4.000          ; Low Pulse Width  ; H_2_5MHZ ; Rise       ; PWM:inst4|lpm_counter:CPT_CLK_rtl_0|dffs[7] ;
; 0.500  ; 0.500        ; 0.000          ; High Pulse Width ; H_2_5MHZ ; Rise       ; H_2_5MHZ|dataout                            ;
; 0.500  ; 0.500        ; 0.000          ; Low Pulse Width  ; H_2_5MHZ ; Rise       ; H_2_5MHZ|dataout                            ;
; 0.500  ; 0.500        ; 0.000          ; High Pulse Width ; H_2_5MHZ ; Rise       ; inst4|CPT_CLK_rtl_0|dffs[0]|clk             ;
; 0.500  ; 0.500        ; 0.000          ; Low Pulse Width  ; H_2_5MHZ ; Rise       ; inst4|CPT_CLK_rtl_0|dffs[0]|clk             ;
; 0.500  ; 0.500        ; 0.000          ; High Pulse Width ; H_2_5MHZ ; Rise       ; inst4|CPT_CLK_rtl_0|dffs[1]|clk             ;
; 0.500  ; 0.500        ; 0.000          ; Low Pulse Width  ; H_2_5MHZ ; Rise       ; inst4|CPT_CLK_rtl_0|dffs[1]|clk             ;
; 0.500  ; 0.500        ; 0.000          ; High Pulse Width ; H_2_5MHZ ; Rise       ; inst4|CPT_CLK_rtl_0|dffs[2]|clk             ;
; 0.500  ; 0.500        ; 0.000          ; Low Pulse Width  ; H_2_5MHZ ; Rise       ; inst4|CPT_CLK_rtl_0|dffs[2]|clk             ;
; 0.500  ; 0.500        ; 0.000          ; High Pulse Width ; H_2_5MHZ ; Rise       ; inst4|CPT_CLK_rtl_0|dffs[3]|clk             ;
; 0.500  ; 0.500        ; 0.000          ; Low Pulse Width  ; H_2_5MHZ ; Rise       ; inst4|CPT_CLK_rtl_0|dffs[3]|clk             ;
; 0.500  ; 0.500        ; 0.000          ; High Pulse Width ; H_2_5MHZ ; Rise       ; inst4|CPT_CLK_rtl_0|dffs[4]|clk             ;
; 0.500  ; 0.500        ; 0.000          ; Low Pulse Width  ; H_2_5MHZ ; Rise       ; inst4|CPT_CLK_rtl_0|dffs[4]|clk             ;
; 0.500  ; 0.500        ; 0.000          ; High Pulse Width ; H_2_5MHZ ; Rise       ; inst4|CPT_CLK_rtl_0|dffs[5]|clk             ;
; 0.500  ; 0.500        ; 0.000          ; Low Pulse Width  ; H_2_5MHZ ; Rise       ; inst4|CPT_CLK_rtl_0|dffs[5]|clk             ;
; 0.500  ; 0.500        ; 0.000          ; High Pulse Width ; H_2_5MHZ ; Rise       ; inst4|CPT_CLK_rtl_0|dffs[6]|clk             ;
; 0.500  ; 0.500        ; 0.000          ; Low Pulse Width  ; H_2_5MHZ ; Rise       ; inst4|CPT_CLK_rtl_0|dffs[6]|clk             ;
; 0.500  ; 0.500        ; 0.000          ; High Pulse Width ; H_2_5MHZ ; Rise       ; inst4|CPT_CLK_rtl_0|dffs[7]|clk             ;
; 0.500  ; 0.500        ; 0.000          ; Low Pulse Width  ; H_2_5MHZ ; Rise       ; inst4|CPT_CLK_rtl_0|dffs[7]|clk             ;
; 0.500  ; 0.500        ; 0.000          ; High Pulse Width ; H_2_5MHZ ; Rise       ; inst4|H_10KHZ|clk                           ;
; 0.500  ; 0.500        ; 0.000          ; Low Pulse Width  ; H_2_5MHZ ; Rise       ; inst4|H_10KHZ|clk                           ;
+--------+--------------+----------------+------------------+----------+------------+---------------------------------------------+


+----------------------------------------------------------------------------------------------------------------+
; Minimum Pulse Width: 'PCS6'                                                                                    ;
+--------+--------------+----------------+------------------+-------+------------+-------------------------------+
; Slack  ; Actual Width ; Required Width ; Type             ; Clock ; Clock Edge ; Target                        ;
+--------+--------------+----------------+------------------+-------+------------+-------------------------------+
; -3.500 ; 0.500        ; 4.000          ; High Pulse Width ; PCS6  ; Rise       ; bloc_io_mbed:inst|DATA_OUT[0] ;
; -3.500 ; 0.500        ; 4.000          ; Low Pulse Width  ; PCS6  ; Rise       ; bloc_io_mbed:inst|DATA_OUT[0] ;
; -3.500 ; 0.500        ; 4.000          ; High Pulse Width ; PCS6  ; Rise       ; bloc_io_mbed:inst|DATA_OUT[1] ;
; -3.500 ; 0.500        ; 4.000          ; Low Pulse Width  ; PCS6  ; Rise       ; bloc_io_mbed:inst|DATA_OUT[1] ;
; -3.500 ; 0.500        ; 4.000          ; High Pulse Width ; PCS6  ; Rise       ; bloc_io_mbed:inst|DATA_OUT[2] ;
; -3.500 ; 0.500        ; 4.000          ; Low Pulse Width  ; PCS6  ; Rise       ; bloc_io_mbed:inst|DATA_OUT[2] ;
; -3.500 ; 0.500        ; 4.000          ; High Pulse Width ; PCS6  ; Rise       ; bloc_io_mbed:inst|DATA_OUT[3] ;
; -3.500 ; 0.500        ; 4.000          ; Low Pulse Width  ; PCS6  ; Rise       ; bloc_io_mbed:inst|DATA_OUT[3] ;
; -3.500 ; 0.500        ; 4.000          ; High Pulse Width ; PCS6  ; Rise       ; bloc_io_mbed:inst|DATA_OUT[4] ;
; -3.500 ; 0.500        ; 4.000          ; Low Pulse Width  ; PCS6  ; Rise       ; bloc_io_mbed:inst|DATA_OUT[4] ;
; -3.500 ; 0.500        ; 4.000          ; High Pulse Width ; PCS6  ; Rise       ; bloc_io_mbed:inst|DATA_OUT[5] ;
; -3.500 ; 0.500        ; 4.000          ; Low Pulse Width  ; PCS6  ; Rise       ; bloc_io_mbed:inst|DATA_OUT[5] ;
; -3.500 ; 0.500        ; 4.000          ; High Pulse Width ; PCS6  ; Rise       ; bloc_io_mbed:inst|DATA_OUT[6] ;
; -3.500 ; 0.500        ; 4.000          ; Low Pulse Width  ; PCS6  ; Rise       ; bloc_io_mbed:inst|DATA_OUT[6] ;
; -3.500 ; 0.500        ; 4.000          ; High Pulse Width ; PCS6  ; Rise       ; bloc_io_mbed:inst|DATA_OUT[7] ;
; -3.500 ; 0.500        ; 4.000          ; Low Pulse Width  ; PCS6  ; Rise       ; bloc_io_mbed:inst|DATA_OUT[7] ;
; 0.500  ; 0.500        ; 0.000          ; High Pulse Width ; PCS6  ; Rise       ; PCS6|dataout                  ;
; 0.500  ; 0.500        ; 0.000          ; Low Pulse Width  ; PCS6  ; Rise       ; PCS6|dataout                  ;
; 0.500  ; 0.500        ; 0.000          ; High Pulse Width ; PCS6  ; Fall       ; inst|DATA_OUT[0]|[1]          ;
; 0.500  ; 0.500        ; 0.000          ; Low Pulse Width  ; PCS6  ; Fall       ; inst|DATA_OUT[0]|[1]          ;
; 0.500  ; 0.500        ; 0.000          ; High Pulse Width ; PCS6  ; Fall       ; inst|DATA_OUT[1]|[1]          ;
; 0.500  ; 0.500        ; 0.000          ; Low Pulse Width  ; PCS6  ; Fall       ; inst|DATA_OUT[1]|[1]          ;
; 0.500  ; 0.500        ; 0.000          ; High Pulse Width ; PCS6  ; Fall       ; inst|DATA_OUT[2]|[1]          ;
; 0.500  ; 0.500        ; 0.000          ; Low Pulse Width  ; PCS6  ; Fall       ; inst|DATA_OUT[2]|[1]          ;
; 0.500  ; 0.500        ; 0.000          ; High Pulse Width ; PCS6  ; Fall       ; inst|DATA_OUT[3]|[1]          ;
; 0.500  ; 0.500        ; 0.000          ; Low Pulse Width  ; PCS6  ; Fall       ; inst|DATA_OUT[3]|[1]          ;
; 0.500  ; 0.500        ; 0.000          ; High Pulse Width ; PCS6  ; Fall       ; inst|DATA_OUT[4]|[1]          ;
; 0.500  ; 0.500        ; 0.000          ; Low Pulse Width  ; PCS6  ; Fall       ; inst|DATA_OUT[4]|[1]          ;
; 0.500  ; 0.500        ; 0.000          ; High Pulse Width ; PCS6  ; Fall       ; inst|DATA_OUT[5]|[1]          ;
; 0.500  ; 0.500        ; 0.000          ; Low Pulse Width  ; PCS6  ; Fall       ; inst|DATA_OUT[5]|[1]          ;
; 0.500  ; 0.500        ; 0.000          ; High Pulse Width ; PCS6  ; Fall       ; inst|DATA_OUT[6]|[1]          ;
; 0.500  ; 0.500        ; 0.000          ; Low Pulse Width  ; PCS6  ; Fall       ; inst|DATA_OUT[6]|[1]          ;
; 0.500  ; 0.500        ; 0.000          ; High Pulse Width ; PCS6  ; Fall       ; inst|DATA_OUT[7]|[1]          ;
; 0.500  ; 0.500        ; 0.000          ; Low Pulse Width  ; PCS6  ; Fall       ; inst|DATA_OUT[7]|[1]          ;
; 0.500  ; 0.500        ; 0.000          ; High Pulse Width ; PCS6  ; Rise       ; inst|WR_INT~7|datain[1]       ;
; 0.500  ; 0.500        ; 0.000          ; Low Pulse Width  ; PCS6  ; Rise       ; inst|WR_INT~7|datain[1]       ;
; 0.500  ; 0.500        ; 0.000          ; High Pulse Width ; PCS6  ; Fall       ; inst|WR_INT~7|dataout         ;
; 0.500  ; 0.500        ; 0.000          ; Low Pulse Width  ; PCS6  ; Fall       ; inst|WR_INT~7|dataout         ;
+--------+--------------+----------------+------------------+-------+------------+-------------------------------+


+----------------------------------------------------------------------------------+
; Setup Times                                                                      ;
+-----------+-------------------+--------+--------+------------+-------------------+
; Data Port ; Clock Port        ; Rise   ; Fall   ; Clock Edge ; Clock Reference   ;
+-----------+-------------------+--------+--------+------------+-------------------+
; AD[*]     ; PCS6              ; -3.000 ; -3.000 ; Rise       ; PCS6              ;
;  AD[0]    ; PCS6              ; -3.000 ; -3.000 ; Rise       ; PCS6              ;
;  AD[1]    ; PCS6              ; -3.000 ; -3.000 ; Rise       ; PCS6              ;
;  AD[2]    ; PCS6              ; -3.000 ; -3.000 ; Rise       ; PCS6              ;
;  AD[3]    ; PCS6              ; -3.000 ; -3.000 ; Rise       ; PCS6              ;
;  AD[4]    ; PCS6              ; -3.000 ; -3.000 ; Rise       ; PCS6              ;
;  AD[5]    ; PCS6              ; -3.000 ; -3.000 ; Rise       ; PCS6              ;
;  AD[6]    ; PCS6              ; -3.000 ; -3.000 ; Rise       ; PCS6              ;
;  AD[7]    ; PCS6              ; -3.000 ; -3.000 ; Rise       ; PCS6              ;
; HALLA     ; PWM:inst4|H_10KHZ ; 2.500  ; 2.500  ; Rise       ; PWM:inst4|H_10KHZ ;
; HALLB     ; PWM:inst4|H_10KHZ ; 2.500  ; 2.500  ; Rise       ; PWM:inst4|H_10KHZ ;
; HALLC     ; PWM:inst4|H_10KHZ ; 2.500  ; 2.500  ; Rise       ; PWM:inst4|H_10KHZ ;
+-----------+-------------------+--------+--------+------------+-------------------+


+--------------------------------------------------------------------------------+
; Hold Times                                                                     ;
+-----------+-------------------+-------+-------+------------+-------------------+
; Data Port ; Clock Port        ; Rise  ; Fall  ; Clock Edge ; Clock Reference   ;
+-----------+-------------------+-------+-------+------------+-------------------+
; AD[*]     ; PCS6              ; 8.000 ; 8.000 ; Rise       ; PCS6              ;
;  AD[0]    ; PCS6              ; 8.000 ; 8.000 ; Rise       ; PCS6              ;
;  AD[1]    ; PCS6              ; 8.000 ; 8.000 ; Rise       ; PCS6              ;
;  AD[2]    ; PCS6              ; 8.000 ; 8.000 ; Rise       ; PCS6              ;
;  AD[3]    ; PCS6              ; 8.000 ; 8.000 ; Rise       ; PCS6              ;
;  AD[4]    ; PCS6              ; 8.000 ; 8.000 ; Rise       ; PCS6              ;
;  AD[5]    ; PCS6              ; 8.000 ; 8.000 ; Rise       ; PCS6              ;
;  AD[6]    ; PCS6              ; 8.000 ; 8.000 ; Rise       ; PCS6              ;
;  AD[7]    ; PCS6              ; 8.000 ; 8.000 ; Rise       ; PCS6              ;
; HALLA     ; PWM:inst4|H_10KHZ ; 2.500 ; 2.500 ; Rise       ; PWM:inst4|H_10KHZ ;
; HALLB     ; PWM:inst4|H_10KHZ ; 2.500 ; 2.500 ; Rise       ; PWM:inst4|H_10KHZ ;
; HALLC     ; PWM:inst4|H_10KHZ ; 2.500 ; 2.500 ; Rise       ; PWM:inst4|H_10KHZ ;
+-----------+-------------------+-------+-------+------------+-------------------+


+----------------------------------------------------------------------------------+
; Clock to Output Times                                                            ;
+-----------+-------------------+--------+--------+------------+-------------------+
; Data Port ; Clock Port        ; Rise   ; Fall   ; Clock Edge ; Clock Reference   ;
+-----------+-------------------+--------+--------+------------+-------------------+
; PWMAH     ; H_2_5MHZ          ; 26.000 ; 26.000 ; Rise       ; H_2_5MHZ          ;
; PWMBH     ; H_2_5MHZ          ; 26.000 ; 26.000 ; Rise       ; H_2_5MHZ          ;
; PWMCH     ; H_2_5MHZ          ; 26.000 ; 26.000 ; Rise       ; H_2_5MHZ          ;
; AD[*]     ; PCS6              ; 10.000 ; 10.000 ; Rise       ; PCS6              ;
;  AD[7]    ; PCS6              ; 10.000 ; 10.000 ; Rise       ; PCS6              ;
; PWMAH     ; PCS6              ; 36.000 ; 36.000 ; Rise       ; PCS6              ;
; PWMBH     ; PCS6              ; 36.000 ; 36.000 ; Rise       ; PCS6              ;
; PWMCH     ; PCS6              ; 36.000 ; 36.000 ; Rise       ; PCS6              ;
; AD[*]     ; PCS6              ; 10.000 ; 10.000 ; Fall       ; PCS6              ;
;  AD[7]    ; PCS6              ; 10.000 ; 10.000 ; Fall       ; PCS6              ;
; PWMAH     ; PWM:inst4|H_10KHZ ; 17.500 ; 17.500 ; Rise       ; PWM:inst4|H_10KHZ ;
; PWMAL     ; PWM:inst4|H_10KHZ ; 9.500  ; 9.500  ; Rise       ; PWM:inst4|H_10KHZ ;
; PWMBH     ; PWM:inst4|H_10KHZ ; 17.500 ; 17.500 ; Rise       ; PWM:inst4|H_10KHZ ;
; PWMBL     ; PWM:inst4|H_10KHZ ; 9.500  ; 9.500  ; Rise       ; PWM:inst4|H_10KHZ ;
; PWMCH     ; PWM:inst4|H_10KHZ ; 17.500 ; 17.500 ; Rise       ; PWM:inst4|H_10KHZ ;
; PWMCL     ; PWM:inst4|H_10KHZ ; 9.500  ; 9.500  ; Rise       ; PWM:inst4|H_10KHZ ;
; TOP_HALL  ; PWM:inst4|H_10KHZ ; 9.500  ; 9.500  ; Rise       ; PWM:inst4|H_10KHZ ;
+-----------+-------------------+--------+--------+------------+-------------------+


+----------------------------------------------------------------------------------+
; Minimum Clock to Output Times                                                    ;
+-----------+-------------------+--------+--------+------------+-------------------+
; Data Port ; Clock Port        ; Rise   ; Fall   ; Clock Edge ; Clock Reference   ;
+-----------+-------------------+--------+--------+------------+-------------------+
; PWMAH     ; H_2_5MHZ          ; 13.000 ; 13.000 ; Rise       ; H_2_5MHZ          ;
; PWMBH     ; H_2_5MHZ          ; 13.000 ; 13.000 ; Rise       ; H_2_5MHZ          ;
; PWMCH     ; H_2_5MHZ          ; 13.000 ; 13.000 ; Rise       ; H_2_5MHZ          ;
; AD[*]     ; PCS6              ; 10.000 ; 10.000 ; Rise       ; PCS6              ;
;  AD[7]    ; PCS6              ; 10.000 ; 10.000 ; Rise       ; PCS6              ;
; PWMAH     ; PCS6              ; 23.000 ; 23.000 ; Rise       ; PCS6              ;
; PWMBH     ; PCS6              ; 23.000 ; 23.000 ; Rise       ; PCS6              ;
; PWMCH     ; PCS6              ; 23.000 ; 23.000 ; Rise       ; PCS6              ;
; AD[*]     ; PCS6              ; 10.000 ; 10.000 ; Fall       ; PCS6              ;
;  AD[7]    ; PCS6              ; 10.000 ; 10.000 ; Fall       ; PCS6              ;
; PWMAH     ; PWM:inst4|H_10KHZ ; 17.500 ; 17.500 ; Rise       ; PWM:inst4|H_10KHZ ;
; PWMAL     ; PWM:inst4|H_10KHZ ; 9.500  ; 9.500  ; Rise       ; PWM:inst4|H_10KHZ ;
; PWMBH     ; PWM:inst4|H_10KHZ ; 17.500 ; 17.500 ; Rise       ; PWM:inst4|H_10KHZ ;
; PWMBL     ; PWM:inst4|H_10KHZ ; 9.500  ; 9.500  ; Rise       ; PWM:inst4|H_10KHZ ;
; PWMCH     ; PWM:inst4|H_10KHZ ; 17.500 ; 17.500 ; Rise       ; PWM:inst4|H_10KHZ ;
; PWMCL     ; PWM:inst4|H_10KHZ ; 9.500  ; 9.500  ; Rise       ; PWM:inst4|H_10KHZ ;
; TOP_HALL  ; PWM:inst4|H_10KHZ ; 9.500  ; 9.500  ; Rise       ; PWM:inst4|H_10KHZ ;
+-----------+-------------------+--------+--------+------------+-------------------+


+--------------------------------------------------------+
; Propagation Delay                                      ;
+--------------+-------------+--------+----+----+--------+
; Input Port   ; Output Port ; RR     ; RF ; FR ; FF     ;
+--------------+-------------+--------+----+----+--------+
; BRAKE        ; AD[5]       ; 10.000 ;    ;    ; 10.000 ;
; DIRECTION    ; AD[3]       ; 10.000 ;    ;    ; 10.000 ;
; FLTA         ; AD[4]       ; 10.000 ;    ;    ; 10.000 ;
; HALLA        ; AD[0]       ; 10.000 ;    ;    ; 10.000 ;
; HALLB        ; AD[1]       ; 10.000 ;    ;    ; 10.000 ;
; HALLC        ; AD[2]       ; 10.000 ;    ;    ; 10.000 ;
; Over_current ; AD[6]       ; 10.000 ;    ;    ; 10.000 ;
; RD_WRn       ; AD[0]       ; 16.500 ;    ;    ; 16.500 ;
; RD_WRn       ; AD[1]       ; 16.500 ;    ;    ; 16.500 ;
; RD_WRn       ; AD[2]       ; 16.500 ;    ;    ; 16.500 ;
; RD_WRn       ; AD[3]       ; 16.500 ;    ;    ; 16.500 ;
; RD_WRn       ; AD[4]       ; 16.500 ;    ;    ; 16.500 ;
; RD_WRn       ; AD[5]       ; 16.500 ;    ;    ; 16.500 ;
; RD_WRn       ; AD[6]       ; 16.500 ;    ;    ; 16.500 ;
; RD_WRn       ; AD[7]       ; 10.000 ;    ;    ; 10.000 ;
; valid_pwm    ; PWMAH       ; 10.000 ;    ;    ; 10.000 ;
; valid_pwm    ; PWMBH       ; 10.000 ;    ;    ; 10.000 ;
; valid_pwm    ; PWMCH       ; 10.000 ;    ;    ; 10.000 ;
+--------------+-------------+--------+----+----+--------+


+--------------------------------------------------------+
; Minimum Propagation Delay                              ;
+--------------+-------------+--------+----+----+--------+
; Input Port   ; Output Port ; RR     ; RF ; FR ; FF     ;
+--------------+-------------+--------+----+----+--------+
; BRAKE        ; AD[5]       ; 10.000 ;    ;    ; 10.000 ;
; DIRECTION    ; AD[3]       ; 10.000 ;    ;    ; 10.000 ;
; FLTA         ; AD[4]       ; 10.000 ;    ;    ; 10.000 ;
; HALLA        ; AD[0]       ; 10.000 ;    ;    ; 10.000 ;
; HALLB        ; AD[1]       ; 10.000 ;    ;    ; 10.000 ;
; HALLC        ; AD[2]       ; 10.000 ;    ;    ; 10.000 ;
; Over_current ; AD[6]       ; 10.000 ;    ;    ; 10.000 ;
; RD_WRn       ; AD[0]       ; 16.500 ;    ;    ; 16.500 ;
; RD_WRn       ; AD[1]       ; 16.500 ;    ;    ; 16.500 ;
; RD_WRn       ; AD[2]       ; 16.500 ;    ;    ; 16.500 ;
; RD_WRn       ; AD[3]       ; 16.500 ;    ;    ; 16.500 ;
; RD_WRn       ; AD[4]       ; 16.500 ;    ;    ; 16.500 ;
; RD_WRn       ; AD[5]       ; 16.500 ;    ;    ; 16.500 ;
; RD_WRn       ; AD[6]       ; 16.500 ;    ;    ; 16.500 ;
; RD_WRn       ; AD[7]       ; 10.000 ;    ;    ; 10.000 ;
; valid_pwm    ; PWMAH       ; 10.000 ;    ;    ; 10.000 ;
; valid_pwm    ; PWMBH       ; 10.000 ;    ;    ; 10.000 ;
; valid_pwm    ; PWMCH       ; 10.000 ;    ;    ; 10.000 ;
+--------------+-------------+--------+----+----+--------+


+-----------------------------------------------------------------------+
; Output Enable Times                                                   ;
+-----------+------------+--------+------+------------+-----------------+
; Data Port ; Clock Port ; Rise   ; Fall ; Clock Edge ; Clock Reference ;
+-----------+------------+--------+------+------------+-----------------+
; AD[*]     ; PCS6       ; 16.500 ;      ; Rise       ; PCS6            ;
;  AD[0]    ; PCS6       ; 16.500 ;      ; Rise       ; PCS6            ;
;  AD[1]    ; PCS6       ; 16.500 ;      ; Rise       ; PCS6            ;
;  AD[2]    ; PCS6       ; 16.500 ;      ; Rise       ; PCS6            ;
;  AD[3]    ; PCS6       ; 16.500 ;      ; Rise       ; PCS6            ;
;  AD[4]    ; PCS6       ; 16.500 ;      ; Rise       ; PCS6            ;
;  AD[5]    ; PCS6       ; 16.500 ;      ; Rise       ; PCS6            ;
;  AD[6]    ; PCS6       ; 16.500 ;      ; Rise       ; PCS6            ;
; AD[*]     ; PCS6       ; 16.500 ;      ; Fall       ; PCS6            ;
;  AD[0]    ; PCS6       ; 16.500 ;      ; Fall       ; PCS6            ;
;  AD[1]    ; PCS6       ; 16.500 ;      ; Fall       ; PCS6            ;
;  AD[2]    ; PCS6       ; 16.500 ;      ; Fall       ; PCS6            ;
;  AD[3]    ; PCS6       ; 16.500 ;      ; Fall       ; PCS6            ;
;  AD[4]    ; PCS6       ; 16.500 ;      ; Fall       ; PCS6            ;
;  AD[5]    ; PCS6       ; 16.500 ;      ; Fall       ; PCS6            ;
;  AD[6]    ; PCS6       ; 16.500 ;      ; Fall       ; PCS6            ;
+-----------+------------+--------+------+------------+-----------------+


+-----------------------------------------------------------------------+
; Minimum Output Enable Times                                           ;
+-----------+------------+--------+------+------------+-----------------+
; Data Port ; Clock Port ; Rise   ; Fall ; Clock Edge ; Clock Reference ;
+-----------+------------+--------+------+------------+-----------------+
; AD[*]     ; PCS6       ; 16.500 ;      ; Rise       ; PCS6            ;
;  AD[0]    ; PCS6       ; 16.500 ;      ; Rise       ; PCS6            ;
;  AD[1]    ; PCS6       ; 16.500 ;      ; Rise       ; PCS6            ;
;  AD[2]    ; PCS6       ; 16.500 ;      ; Rise       ; PCS6            ;
;  AD[3]    ; PCS6       ; 16.500 ;      ; Rise       ; PCS6            ;
;  AD[4]    ; PCS6       ; 16.500 ;      ; Rise       ; PCS6            ;
;  AD[5]    ; PCS6       ; 16.500 ;      ; Rise       ; PCS6            ;
;  AD[6]    ; PCS6       ; 16.500 ;      ; Rise       ; PCS6            ;
; AD[*]     ; PCS6       ; 16.500 ;      ; Fall       ; PCS6            ;
;  AD[0]    ; PCS6       ; 16.500 ;      ; Fall       ; PCS6            ;
;  AD[1]    ; PCS6       ; 16.500 ;      ; Fall       ; PCS6            ;
;  AD[2]    ; PCS6       ; 16.500 ;      ; Fall       ; PCS6            ;
;  AD[3]    ; PCS6       ; 16.500 ;      ; Fall       ; PCS6            ;
;  AD[4]    ; PCS6       ; 16.500 ;      ; Fall       ; PCS6            ;
;  AD[5]    ; PCS6       ; 16.500 ;      ; Fall       ; PCS6            ;
;  AD[6]    ; PCS6       ; 16.500 ;      ; Fall       ; PCS6            ;
+-----------+------------+--------+------+------------+-----------------+


+-------------------------------------------------------------------------------+
; Output Disable Times                                                          ;
+-----------+------------+-----------+-----------+------------+-----------------+
; Data Port ; Clock Port ; 0 to Hi-Z ; 1 to Hi-Z ; Clock Edge ; Clock Reference ;
+-----------+------------+-----------+-----------+------------+-----------------+
; AD[*]     ; PCS6       ; 16.500    ;           ; Rise       ; PCS6            ;
;  AD[0]    ; PCS6       ; 16.500    ;           ; Rise       ; PCS6            ;
;  AD[1]    ; PCS6       ; 16.500    ;           ; Rise       ; PCS6            ;
;  AD[2]    ; PCS6       ; 16.500    ;           ; Rise       ; PCS6            ;
;  AD[3]    ; PCS6       ; 16.500    ;           ; Rise       ; PCS6            ;
;  AD[4]    ; PCS6       ; 16.500    ;           ; Rise       ; PCS6            ;
;  AD[5]    ; PCS6       ; 16.500    ;           ; Rise       ; PCS6            ;
;  AD[6]    ; PCS6       ; 16.500    ;           ; Rise       ; PCS6            ;
; AD[*]     ; PCS6       ; 16.500    ;           ; Fall       ; PCS6            ;
;  AD[0]    ; PCS6       ; 16.500    ;           ; Fall       ; PCS6            ;
;  AD[1]    ; PCS6       ; 16.500    ;           ; Fall       ; PCS6            ;
;  AD[2]    ; PCS6       ; 16.500    ;           ; Fall       ; PCS6            ;
;  AD[3]    ; PCS6       ; 16.500    ;           ; Fall       ; PCS6            ;
;  AD[4]    ; PCS6       ; 16.500    ;           ; Fall       ; PCS6            ;
;  AD[5]    ; PCS6       ; 16.500    ;           ; Fall       ; PCS6            ;
;  AD[6]    ; PCS6       ; 16.500    ;           ; Fall       ; PCS6            ;
+-----------+------------+-----------+-----------+------------+-----------------+


+-------------------------------------------------------------------------------+
; Minimum Output Disable Times                                                  ;
+-----------+------------+-----------+-----------+------------+-----------------+
; Data Port ; Clock Port ; 0 to Hi-Z ; 1 to Hi-Z ; Clock Edge ; Clock Reference ;
+-----------+------------+-----------+-----------+------------+-----------------+
; AD[*]     ; PCS6       ; 16.500    ;           ; Rise       ; PCS6            ;
;  AD[0]    ; PCS6       ; 16.500    ;           ; Rise       ; PCS6            ;
;  AD[1]    ; PCS6       ; 16.500    ;           ; Rise       ; PCS6            ;
;  AD[2]    ; PCS6       ; 16.500    ;           ; Rise       ; PCS6            ;
;  AD[3]    ; PCS6       ; 16.500    ;           ; Rise       ; PCS6            ;
;  AD[4]    ; PCS6       ; 16.500    ;           ; Rise       ; PCS6            ;
;  AD[5]    ; PCS6       ; 16.500    ;           ; Rise       ; PCS6            ;
;  AD[6]    ; PCS6       ; 16.500    ;           ; Rise       ; PCS6            ;
; AD[*]     ; PCS6       ; 16.500    ;           ; Fall       ; PCS6            ;
;  AD[0]    ; PCS6       ; 16.500    ;           ; Fall       ; PCS6            ;
;  AD[1]    ; PCS6       ; 16.500    ;           ; Fall       ; PCS6            ;
;  AD[2]    ; PCS6       ; 16.500    ;           ; Fall       ; PCS6            ;
;  AD[3]    ; PCS6       ; 16.500    ;           ; Fall       ; PCS6            ;
;  AD[4]    ; PCS6       ; 16.500    ;           ; Fall       ; PCS6            ;
;  AD[5]    ; PCS6       ; 16.500    ;           ; Fall       ; PCS6            ;
;  AD[6]    ; PCS6       ; 16.500    ;           ; Fall       ; PCS6            ;
+-----------+------------+-----------+-----------+------------+-----------------+


+-----------------------------------------------------------------------------------+
; Setup Transfers                                                                   ;
+-------------------+-------------------+----------+----------+----------+----------+
; From Clock        ; To Clock          ; RR Paths ; FR Paths ; RF Paths ; FF Paths ;
+-------------------+-------------------+----------+----------+----------+----------+
; H_2_5MHZ          ; H_2_5MHZ          ; 44       ; 0        ; 0        ; 0        ;
; PWM:inst4|H_10KHZ ; PWM:inst4|H_10KHZ ; 351      ; 0        ; 0        ; 0        ;
+-------------------+-------------------+----------+----------+----------+----------+
Entries labeled "false path" only account for clock-to-clock false paths and not path-based false paths. As a result, actual path counts may be lower than reported.


+-----------------------------------------------------------------------------------+
; Hold Transfers                                                                    ;
+-------------------+-------------------+----------+----------+----------+----------+
; From Clock        ; To Clock          ; RR Paths ; FR Paths ; RF Paths ; FF Paths ;
+-------------------+-------------------+----------+----------+----------+----------+
; H_2_5MHZ          ; H_2_5MHZ          ; 44       ; 0        ; 0        ; 0        ;
; PWM:inst4|H_10KHZ ; PWM:inst4|H_10KHZ ; 351      ; 0        ; 0        ; 0        ;
+-------------------+-------------------+----------+----------+----------+----------+
Entries labeled "false path" only account for clock-to-clock false paths and not path-based false paths. As a result, actual path counts may be lower than reported.


---------------
; Report TCCS ;
---------------
No dedicated SERDES Transmitter circuitry present in device or used in design


---------------
; Report RSKM ;
---------------
No dedicated SERDES Receiver circuitry present in device or used in design


+------------------------------------------------+
; Unconstrained Paths                            ;
+---------------------------------+-------+------+
; Property                        ; Setup ; Hold ;
+---------------------------------+-------+------+
; Illegal Clocks                  ; 0     ; 0    ;
; Unconstrained Clocks            ; 0     ; 0    ;
; Unconstrained Input Ports       ; 18    ; 18   ;
; Unconstrained Input Port Paths  ; 37    ; 37   ;
; Unconstrained Output Ports      ; 15    ; 15   ;
; Unconstrained Output Port Paths ; 81    ; 81   ;
+---------------------------------+-------+------+


+------------------------------------+
; TimeQuest Timing Analyzer Messages ;
+------------------------------------+
Info: *******************************************************************
Info: Running Quartus II 32-bit TimeQuest Timing Analyzer
    Info: Version 13.0.1 Build 232 06/12/2013 Service Pack 1 SJ Web Edition
    Info: Processing started: Tue May 06 14:30:20 2025
Info: Command: quartus_sta pld_mbed_etudiant -c pld_mbed_etudiant
Info: qsta_default_script.tcl version: #1
Warning (20028): Parallel compilation is not licensed and has been disabled
Info (306004): Started post-fitting delay annotation
Info (306005): Delay annotation completed successfully
Warning (335095): TimeQuest Timing Analyzer does not support the analysis of latches as synchronous elements for the currently selected device family.
Critical Warning (332012): Synopsys Design Constraints File file not found: 'pld_mbed_etudiant.sdc'. A Synopsys Design Constraints File is required by the TimeQuest Timing Analyzer to get proper timing constraints. Without it, the Compiler will not properly optimize the design.
Info (332142): No user constrained base clocks found in the design. Calling "derive_clocks -period 1.0"
Info (332105): Deriving Clocks
    Info (332105): create_clock -period 1.000 -name H_2_5MHZ H_2_5MHZ
    Info (332105): create_clock -period 1.000 -name PCS6 PCS6
    Info (332105): create_clock -period 1.000 -name PWM:inst4|H_10KHZ PWM:inst4|H_10KHZ
Info: Found TIMEQUEST_REPORT_SCRIPT_INCLUDE_DEFAULT_ANALYSIS = ON
Critical Warning (332148): Timing requirements not met
Info (332146): Worst-case setup slack is -9.800
    Info (332119):     Slack End Point TNS Clock 
    Info (332119): ========= ============= =====================
    Info (332119):    -9.800      -147.200 PWM:inst4|H_10KHZ 
    Info (332119):    -9.000       -81.000 H_2_5MHZ 
Info (332146): Worst-case hold slack is 5.000
    Info (332119):     Slack End Point TNS Clock 
    Info (332119): ========= ============= =====================
    Info (332119):     5.000         0.000 H_2_5MHZ 
    Info (332119):     5.000         0.000 PWM:inst4|H_10KHZ 
Info (332140): No Recovery paths to report
Info (332140): No Removal paths to report
Info (332146): Worst-case minimum pulse width slack is -3.500
    Info (332119):     Slack End Point TNS Clock 
    Info (332119): ========= ============= =====================
    Info (332119):    -3.500      -133.000 PWM:inst4|H_10KHZ 
    Info (332119):    -3.500       -63.000 H_2_5MHZ 
    Info (332119):    -3.500       -56.000 PCS6 
Info (332001): The selected device family is not supported by the report_metastability command.
Info (332102): Design is not fully constrained for setup requirements
Info (332102): Design is not fully constrained for hold requirements
Info: Quartus II 32-bit TimeQuest Timing Analyzer was successful. 0 errors, 4 warnings
    Info: Peak virtual memory: 325 megabytes
    Info: Processing ended: Tue May 06 14:30:21 2025
    Info: Elapsed time: 00:00:01
    Info: Total CPU time (on all processors): 00:00:01


