Analysis & Synthesis report for pld_mbed_etudiant
Tue Apr 29 16:53:15 2025
Quartus II 32-bit Version 13.0.1 Build 232 06/12/2013 Service Pack 1 SJ Web Edition


---------------------
; Table of Contents ;
---------------------
  1. Legal Notice
  2. Analysis & Synthesis Summary
  3. Analysis & Synthesis Settings
  4. Parallel Compilation
  5. Analysis & Synthesis Source Files Read
  6. Analysis & Synthesis Resource Usage Summary
  7. Analysis & Synthesis Resource Utilization by Entity
  8. Analysis & Synthesis IP Cores Summary
  9. Parameter Settings for User Entity Instance: ref_pwm:inst6|lpm_constant:LPM_CONSTANT_component
 10. Parameter Settings for Inferred Entity Instance: PWM:inst4|lpm_counter:CPT_CLK_rtl_0
 11. Analysis & Synthesis Messages



----------------
; Legal Notice ;
----------------
Copyright (C) 1991-2013 Altera Corporation
Your use of Altera Corporation's design tools, logic functions 
and other software and tools, and its AMPP partner logic 
functions, and any output files from any of the foregoing 
(including device programming or simulation files), and any 
associated documentation or information are expressly subject 
to the terms and conditions of the Altera Program License 
Subscription Agreement, Altera MegaCore Function License 
Agreement, or other applicable license agreement, including, 
without limitation, that your use is for the sole purpose of 
programming logic devices manufactured by Altera and sold by 
Altera or its authorized distributors.  Please refer to the 
applicable agreement for further details.



+-------------------------------------------------------------------------------+
; Analysis & Synthesis Summary                                                  ;
+-----------------------------+-------------------------------------------------+
; Analysis & Synthesis Status ; Successful - Tue Apr 29 16:53:15 2025           ;
; Quartus II 32-bit Version   ; 13.0.1 Build 232 06/12/2013 SP 1 SJ Web Edition ;
; Revision Name               ; pld_mbed_etudiant                               ;
; Top-level Entity Name       ; matrix_scooter_pwm_mbed_etudiant                ;
; Family                      ; MAX7000S                                        ;
; Total macrocells            ; 43                                              ;
; Total pins                  ; 26                                              ;
+-----------------------------+-------------------------------------------------+


+-----------------------------------------------------------------------------------------------------------------------------------+
; Analysis & Synthesis Settings                                                                                                     ;
+----------------------------------------------------------------------------+----------------------------------+-------------------+
; Option                                                                     ; Setting                          ; Default Value     ;
+----------------------------------------------------------------------------+----------------------------------+-------------------+
; Device                                                                     ; EPM7064SLC44-10                  ;                   ;
; Top-level entity name                                                      ; matrix_scooter_pwm_mbed_etudiant ; pld_mbed_etudiant ;
; Family name                                                                ; MAX7000S                         ; Cyclone IV GX     ;
; Use smart compilation                                                      ; Off                              ; Off               ;
; Enable parallel Assembler and TimeQuest Timing Analyzer during compilation ; On                               ; On                ;
; Enable compact report table                                                ; Off                              ; Off               ;
; Create Debugging Nodes for IP Cores                                        ; Off                              ; Off               ;
; Preserve fewer node names                                                  ; On                               ; On                ;
; Disable OpenCore Plus hardware evaluation                                  ; Off                              ; Off               ;
; Verilog Version                                                            ; Verilog_2001                     ; Verilog_2001      ;
; VHDL Version                                                               ; VHDL_1993                        ; VHDL_1993         ;
; State Machine Processing                                                   ; Auto                             ; Auto              ;
; Safe State Machine                                                         ; Off                              ; Off               ;
; Extract Verilog State Machines                                             ; On                               ; On                ;
; Extract VHDL State Machines                                                ; On                               ; On                ;
; Ignore Verilog initial constructs                                          ; Off                              ; Off               ;
; Iteration limit for constant Verilog loops                                 ; 5000                             ; 5000              ;
; Iteration limit for non-constant Verilog loops                             ; 250                              ; 250               ;
; Add Pass-Through Logic to Inferred RAMs                                    ; On                               ; On                ;
; Infer RAMs from Raw Logic                                                  ; On                               ; On                ;
; Parallel Synthesis                                                         ; On                               ; On                ;
; NOT Gate Push-Back                                                         ; On                               ; On                ;
; Power-Up Don't Care                                                        ; On                               ; On                ;
; Remove Duplicate Registers                                                 ; On                               ; On                ;
; Ignore CARRY Buffers                                                       ; Off                              ; Off               ;
; Ignore CASCADE Buffers                                                     ; Off                              ; Off               ;
; Ignore GLOBAL Buffers                                                      ; Off                              ; Off               ;
; Ignore ROW GLOBAL Buffers                                                  ; Off                              ; Off               ;
; Ignore LCELL Buffers                                                       ; Auto                             ; Auto              ;
; Ignore SOFT Buffers                                                        ; Off                              ; Off               ;
; Limit AHDL Integers to 32 Bits                                             ; Off                              ; Off               ;
; Optimization Technique                                                     ; Speed                            ; Speed             ;
; Allow XOR Gate Usage                                                       ; On                               ; On                ;
; Auto Logic Cell Insertion                                                  ; On                               ; On                ;
; Parallel Expander Chain Length                                             ; 4                                ; 4                 ;
; Auto Parallel Expanders                                                    ; On                               ; On                ;
; Auto Open-Drain Pins                                                       ; On                               ; On                ;
; Auto Resource Sharing                                                      ; Off                              ; Off               ;
; Maximum Fan-in Per Macrocell                                               ; 100                              ; 100               ;
; Use LogicLock Constraints during Resource Balancing                        ; On                               ; On                ;
; Ignore translate_off and synthesis_off directives                          ; Off                              ; Off               ;
; Report Parameter Settings                                                  ; On                               ; On                ;
; Report Source Assignments                                                  ; On                               ; On                ;
; Report Connectivity Checks                                                 ; On                               ; On                ;
; HDL message level                                                          ; Level2                           ; Level2            ;
; Suppress Register Optimization Related Messages                            ; Off                              ; Off               ;
; Number of Removed Registers Reported in Synthesis Report                   ; 5000                             ; 5000              ;
; Number of Swept Nodes Reported in Synthesis Report                         ; 5000                             ; 5000              ;
; Number of Inverted Registers Reported in Synthesis Report                  ; 100                              ; 100               ;
; Block Design Naming                                                        ; Auto                             ; Auto              ;
; Synthesis Effort                                                           ; Auto                             ; Auto              ;
; Shift Register Replacement - Allow Asynchronous Clear Signal               ; On                               ; On                ;
; Pre-Mapping Resynthesis Optimization                                       ; Off                              ; Off               ;
; Analysis & Synthesis Message Level                                         ; Medium                           ; Medium            ;
; Disable Register Merging Across Hierarchies                                ; Auto                             ; Auto              ;
; Synthesis Seed                                                             ; 1                                ; 1                 ;
+----------------------------------------------------------------------------+----------------------------------+-------------------+


Parallel compilation was disabled, but you have multiple processors available. Enable parallel compilation to reduce compilation time.
+-------------------------------------+
; Parallel Compilation                ;
+----------------------------+--------+
; Processors                 ; Number ;
+----------------------------+--------+
; Number detected on machine ; 12     ;
; Maximum allowed            ; 1      ;
+----------------------------+--------+


+---------------------------------------------------------------------------------------------------------------------------------------------------------------------------------------+
; Analysis & Synthesis Source Files Read                                                                                                                                                ;
+--------------------------------------+-----------------+------------------------------------+-------------------------------------------------------------------------------+---------+
; File Name with User-Entered Path     ; Used in Netlist ; File Type                          ; File Name with Absolute Path                                                  ; Library ;
+--------------------------------------+-----------------+------------------------------------+-------------------------------------------------------------------------------+---------+
; bloc_io_mbed.vhd                     ; yes             ; User VHDL File                     ; C:/Users/fq304107/Documents/SAE_ROUE/PLD/bloc_io_mbed.vhd                     ;         ;
; matrix_scooter_pwm_mbed_etudiant.bdf ; yes             ; User Block Diagram/Schematic File  ; C:/Users/fq304107/Documents/SAE_ROUE/PLD/matrix_scooter_pwm_mbed_etudiant.bdf ;         ;
; ref_pwm.vhd                          ; yes             ; User Wizard-Generated File         ; C:/Users/fq304107/Documents/SAE_ROUE/PLD/ref_pwm.vhd                          ;         ;
; collecteur_num.vhd                   ; yes             ; User VHDL File                     ; C:/Users/fq304107/Documents/SAE_ROUE/PLD/collecteur_num.vhd                   ;         ;
; PWM.vhd                              ; yes             ; User VHDL File                     ; C:/Users/fq304107/Documents/SAE_ROUE/PLD/PWM.vhd                              ;         ;
; filtre_hall.vhd                      ; yes             ; User VHDL File                     ; C:/Users/fq304107/Documents/SAE_ROUE/PLD/filtre_hall.vhd                      ;         ;
; lpm_constant.tdf                     ; yes             ; Megafunction                       ; c:/altera/13.0sp1/quartus/libraries/megafunctions/lpm_constant.tdf            ;         ;
; lpm_counter.tdf                      ; yes             ; Megafunction                       ; c:/altera/13.0sp1/quartus/libraries/megafunctions/lpm_counter.tdf             ;         ;
; lpm_constant.inc                     ; yes             ; Megafunction                       ; c:/altera/13.0sp1/quartus/libraries/megafunctions/lpm_constant.inc            ;         ;
; lpm_decode.inc                       ; yes             ; Megafunction                       ; c:/altera/13.0sp1/quartus/libraries/megafunctions/lpm_decode.inc              ;         ;
; lpm_add_sub.inc                      ; yes             ; Megafunction                       ; c:/altera/13.0sp1/quartus/libraries/megafunctions/lpm_add_sub.inc             ;         ;
; cmpconst.inc                         ; yes             ; Megafunction                       ; c:/altera/13.0sp1/quartus/libraries/megafunctions/cmpconst.inc                ;         ;
; lpm_compare.inc                      ; yes             ; Megafunction                       ; c:/altera/13.0sp1/quartus/libraries/megafunctions/lpm_compare.inc             ;         ;
; lpm_counter.inc                      ; yes             ; Megafunction                       ; c:/altera/13.0sp1/quartus/libraries/megafunctions/lpm_counter.inc             ;         ;
; dffeea.inc                           ; yes             ; Megafunction                       ; c:/altera/13.0sp1/quartus/libraries/megafunctions/dffeea.inc                  ;         ;
; alt_counter_stratix.inc              ; yes             ; Megafunction                       ; c:/altera/13.0sp1/quartus/libraries/megafunctions/alt_counter_stratix.inc     ;         ;
; aglobal130.inc                       ; yes             ; Megafunction                       ; c:/altera/13.0sp1/quartus/libraries/megafunctions/aglobal130.inc              ;         ;
+--------------------------------------+-----------------+------------------------------------+-------------------------------------------------------------------------------+---------+


+---------------------------------------------+
; Analysis & Synthesis Resource Usage Summary ;
+----------------------+----------------------+
; Resource             ; Usage                ;
+----------------------+----------------------+
; Logic cells          ; 43                   ;
; Total registers      ; 28                   ;
; I/O pins             ; 26                   ;
; Parallel expanders   ; 4                    ;
; Maximum fan-out node ; PWM:inst4|H_10KHZ    ;
; Maximum fan-out      ; 19                   ;
; Total fan-out        ; 237                  ;
; Average fan-out      ; 3.43                 ;
+----------------------+----------------------+


+----------------------------------------------------------------------------------------------------------------------------------------------+
; Analysis & Synthesis Resource Utilization by Entity                                                                                          ;
+-----------------------------------+------------+------+-----------------------------------------------------------------------+--------------+
; Compilation Hierarchy Node        ; Macrocells ; Pins ; Full Hierarchy Name                                                   ; Library Name ;
+-----------------------------------+------------+------+-----------------------------------------------------------------------+--------------+
; |matrix_scooter_pwm_mbed_etudiant ; 43         ; 26   ; |matrix_scooter_pwm_mbed_etudiant                                     ; work         ;
;    |PWM:inst4|                    ; 9          ; 0    ; |matrix_scooter_pwm_mbed_etudiant|PWM:inst4                           ; work         ;
;       |lpm_counter:CPT_CLK_rtl_0| ; 8          ; 0    ; |matrix_scooter_pwm_mbed_etudiant|PWM:inst4|lpm_counter:CPT_CLK_rtl_0 ; work         ;
;    |bloc_io_mbed:inst|            ; 1          ; 0    ; |matrix_scooter_pwm_mbed_etudiant|bloc_io_mbed:inst                   ; work         ;
;    |collecteur_num:inst3|         ; 9          ; 0    ; |matrix_scooter_pwm_mbed_etudiant|collecteur_num:inst3                ; work         ;
;    |filtre_hall:inst5|            ; 17         ; 0    ; |matrix_scooter_pwm_mbed_etudiant|filtre_hall:inst5                   ; work         ;
+-----------------------------------+------------+------+-----------------------------------------------------------------------+--------------+


+------------------------------------------------------------------------------------------------------------------------------------------------------------------------+
; Analysis & Synthesis IP Cores Summary                                                                                                                                  ;
+--------+--------------+---------+--------------+--------------+-------------------------------------------------+------------------------------------------------------+
; Vendor ; IP Core Name ; Version ; Release Date ; License Type ; Entity Instance                                 ; IP Include File                                      ;
+--------+--------------+---------+--------------+--------------+-------------------------------------------------+------------------------------------------------------+
; Altera ; LPM_CONSTANT ; 13.0    ; N/A          ; N/A          ; |matrix_scooter_pwm_mbed_etudiant|ref_pwm:inst6 ; C:/Users/fq304107/Documents/SAE_ROUE/PLD/ref_pwm.vhd ;
+--------+--------------+---------+--------------+--------------+-------------------------------------------------+------------------------------------------------------+


+------------------------------------------------------------------------------------------------+
; Parameter Settings for User Entity Instance: ref_pwm:inst6|lpm_constant:LPM_CONSTANT_component ;
+--------------------+------------------+--------------------------------------------------------+
; Parameter Name     ; Value            ; Type                                                   ;
+--------------------+------------------+--------------------------------------------------------+
; LPM_WIDTH          ; 8                ; Signed Integer                                         ;
; LPM_CVALUE         ; 127              ; Signed Integer                                         ;
; ENABLE_RUNTIME_MOD ; NO               ; Untyped                                                ;
; CBXI_PARAMETER     ; lpm_constant_nh6 ; Untyped                                                ;
+--------------------+------------------+--------------------------------------------------------+
Note: In order to hide this table in the UI and the text report file, please set the "Show Parameter Settings in Synthesis Report" option in "Analysis and Synthesis Settings -> More Settings" to "Off".


+--------------------------------------------------------------------------------------+
; Parameter Settings for Inferred Entity Instance: PWM:inst4|lpm_counter:CPT_CLK_rtl_0 ;
+------------------------+-------------------+-----------------------------------------+
; Parameter Name         ; Value             ; Type                                    ;
+------------------------+-------------------+-----------------------------------------+
; AUTO_CARRY_CHAINS      ; ON                ; AUTO_CARRY                              ;
; IGNORE_CARRY_BUFFERS   ; OFF               ; IGNORE_CARRY                            ;
; AUTO_CASCADE_CHAINS    ; ON                ; AUTO_CASCADE                            ;
; IGNORE_CASCADE_BUFFERS ; OFF               ; IGNORE_CASCADE                          ;
; LPM_WIDTH              ; 8                 ; Untyped                                 ;
; LPM_DIRECTION          ; UP                ; Untyped                                 ;
; LPM_MODULUS            ; 0                 ; Untyped                                 ;
; LPM_AVALUE             ; UNUSED            ; Untyped                                 ;
; LPM_SVALUE             ; UNUSED            ; Untyped                                 ;
; LPM_PORT_UPDOWN        ; PORT_CONNECTIVITY ; Untyped                                 ;
; DEVICE_FAMILY          ; MAX7000S          ; Untyped                                 ;
; CARRY_CHAIN            ; MANUAL            ; Untyped                                 ;
; CARRY_CHAIN_LENGTH     ; 48                ; CARRY_CHAIN_LENGTH                      ;
; NOT_GATE_PUSH_BACK     ; ON                ; NOT_GATE_PUSH_BACK                      ;
; CARRY_CNT_EN           ; SMART             ; Untyped                                 ;
; LABWIDE_SCLR           ; ON                ; Untyped                                 ;
; USE_NEW_VERSION        ; TRUE              ; Untyped                                 ;
; CBXI_PARAMETER         ; NOTHING           ; Untyped                                 ;
+------------------------+-------------------+-----------------------------------------+
Note: In order to hide this table in the UI and the text report file, please set the "Show Parameter Settings in Synthesis Report" option in "Analysis and Synthesis Settings -> More Settings" to "Off".


+-------------------------------+
; Analysis & Synthesis Messages ;
+-------------------------------+
Info: *******************************************************************
Info: Running Quartus II 32-bit Analysis & Synthesis
    Info: Version 13.0.1 Build 232 06/12/2013 Service Pack 1 SJ Web Edition
    Info: Processing started: Tue Apr 29 16:53:14 2025
Info: Command: quartus_map --read_settings_files=on --write_settings_files=off pld_mbed_etudiant -c pld_mbed_etudiant
Warning (20028): Parallel compilation is not licensed and has been disabled
Warning (12019): Can't analyze file -- file FILTRE.bdf is missing
Info (12021): Found 2 design units, including 1 entities, in source file bloc_io_mbed.vhd
    Info (12022): Found design unit 1: bloc_io_mbed-bloc_ioa
    Info (12023): Found entity 1: bloc_io_mbed
Info (12021): Found 1 design units, including 1 entities, in source file matrix_scooter_pwm_mbed_etudiant.bdf
    Info (12023): Found entity 1: matrix_scooter_pwm_mbed_etudiant
Info (12021): Found 2 design units, including 1 entities, in source file ref_pwm.vhd
    Info (12022): Found design unit 1: ref_pwm-SYN
    Info (12023): Found entity 1: ref_pwm
Info (12021): Found 2 design units, including 1 entities, in source file collecteur_num.vhd
    Info (12022): Found design unit 1: collecteur_num-archi
    Info (12023): Found entity 1: collecteur_num
Info (12021): Found 2 design units, including 1 entities, in source file pwm.vhd
    Info (12022): Found design unit 1: PWM-archi
    Info (12023): Found entity 1: PWM
Info (12021): Found 2 design units, including 1 entities, in source file filtre_hall.vhd
    Info (12022): Found design unit 1: filtre_hall-archi
    Info (12023): Found entity 1: filtre_hall
Info (12127): Elaborating entity "matrix_scooter_pwm_mbed_etudiant" for the top level hierarchy
Warning (275009): Pin "valid_pwm" not connected
Info (12128): Elaborating entity "collecteur_num" for hierarchy "collecteur_num:inst3"
Info (12128): Elaborating entity "PWM" for hierarchy "PWM:inst4"
Info (12128): Elaborating entity "ref_pwm" for hierarchy "ref_pwm:inst6"
Info (12128): Elaborating entity "lpm_constant" for hierarchy "ref_pwm:inst6|lpm_constant:LPM_CONSTANT_component"
Info (12130): Elaborated megafunction instantiation "ref_pwm:inst6|lpm_constant:LPM_CONSTANT_component"
Info (12133): Instantiated megafunction "ref_pwm:inst6|lpm_constant:LPM_CONSTANT_component" with the following parameter:
    Info (12134): Parameter "lpm_cvalue" = "127"
    Info (12134): Parameter "lpm_hint" = "ENABLE_RUNTIME_MOD=NO"
    Info (12134): Parameter "lpm_type" = "LPM_CONSTANT"
    Info (12134): Parameter "lpm_width" = "8"
Info (12128): Elaborating entity "filtre_hall" for hierarchy "filtre_hall:inst5"
Info (12128): Elaborating entity "bloc_io_mbed" for hierarchy "bloc_io_mbed:inst"
Info (19000): Inferred 1 megafunctions from design logic
    Info (19001): Inferred lpm_counter megafunction (LPM_WIDTH=8) from the following logic: "PWM:inst4|CPT_CLK_rtl_0"
Info (12130): Elaborated megafunction instantiation "PWM:inst4|lpm_counter:CPT_CLK_rtl_0"
Info (12133): Instantiated megafunction "PWM:inst4|lpm_counter:CPT_CLK_rtl_0" with the following parameter:
    Info (12134): Parameter "LPM_WIDTH" = "8"
    Info (12134): Parameter "LPM_DIRECTION" = "UP"
    Info (12134): Parameter "LPM_TYPE" = "LPM_COUNTER"
Info (280013): Promoted pin-driven signal(s) to global signal
    Info (280014): Promoted clock signal driven by pin "H_2_5MHZ" to global clock signal
Warning (21074): Design contains 1 input pin(s) that do not drive logic
    Warning (15610): No output dependent on input pin "valid_pwm"
Info (21057): Implemented 69 device resources after synthesis - the final resource count might be different
    Info (21058): Implemented 11 input pins
    Info (21059): Implemented 7 output pins
    Info (21060): Implemented 8 bidirectional pins
    Info (21063): Implemented 43 macrocells
Info: Quartus II 32-bit Analysis & Synthesis was successful. 0 errors, 5 warnings
    Info: Peak virtual memory: 396 megabytes
    Info: Processing ended: Tue Apr 29 16:53:15 2025
    Info: Elapsed time: 00:00:01
    Info: Total CPU time (on all processors): 00:00:01


