Fitter report for pld_mbed_etudiant
Tue Apr 29 16:53:16 2025
Quartus II 32-bit Version 13.0.1 Build 232 06/12/2013 Service Pack 1 SJ Web Edition


---------------------
; Table of Contents ;
---------------------
  1. Legal Notice
  2. Fitter Summary
  3. Fitter Settings
  4. Parallel Compilation
  5. Pin-Out File
  6. Fitter Resource Usage Summary
  7. Input Pins
  8. Output Pins
  9. Bidir Pins
 10. All Package Pins
 11. I/O Standard
 12. Dedicated Inputs I/O
 13. Output Pin Default Load For Reported TCO
 14. Fitter Resource Utilization by Entity
 15. Control Signals
 16. Global & Other Fast Signals
 17. Non-Global High Fan-Out Signals
 18. Other Routing Usage Summary
 19. LAB Macrocells
 20. Parallel Expander
 21. Logic Cell Interconnection
 22. Fitter Device Options
 23. Fitter Messages



----------------
; Legal Notice ;
----------------
Copyright (C) 1991-2013 Altera Corporation
Your use of Altera Corporation's design tools, logic functions 
and other software and tools, and its AMPP partner logic 
functions, and any output files from any of the foregoing 
(including device programming or simulation files), and any 
associated documentation or information are expressly subject 
to the terms and conditions of the Altera Program License 
Subscription Agreement, Altera MegaCore Function License 
Agreement, or other applicable license agreement, including, 
without limitation, that your use is for the sole purpose of 
programming logic devices manufactured by Altera and sold by 
Altera or its authorized distributors.  Please refer to the 
applicable agreement for further details.



+-----------------------------------------------------------------------------+
; Fitter Summary                                                              ;
+---------------------------+-------------------------------------------------+
; Fitter Status             ; Successful - Tue Apr 29 16:53:16 2025           ;
; Quartus II 32-bit Version ; 13.0.1 Build 232 06/12/2013 SP 1 SJ Web Edition ;
; Revision Name             ; pld_mbed_etudiant                               ;
; Top-level Entity Name     ; matrix_scooter_pwm_mbed_etudiant                ;
; Family                    ; MAX7000S                                        ;
; Device                    ; EPM7064SLC44-10                                 ;
; Timing Models             ; Final                                           ;
; Total macrocells          ; 43 / 64 ( 67 % )                                ;
; Total pins                ; 30 / 36 ( 83 % )                                ;
+---------------------------+-------------------------------------------------+


+--------------------------------------------------------------------------------------------------------------+
; Fitter Settings                                                                                              ;
+----------------------------------------------------------------------------+-----------------+---------------+
; Option                                                                     ; Setting         ; Default Value ;
+----------------------------------------------------------------------------+-----------------+---------------+
; Device                                                                     ; EPM7064SLC44-10 ;               ;
; Use smart compilation                                                      ; Off             ; Off           ;
; Enable parallel Assembler and TimeQuest Timing Analyzer during compilation ; On              ; On            ;
; Enable compact report table                                                ; Off             ; Off           ;
; Optimize Multi-Corner Timing                                               ; Off             ; Off           ;
; Optimize Timing for ECOs                                                   ; Off             ; Off           ;
; Regenerate full fit report during ECO compiles                             ; Off             ; Off           ;
; Optimize IOC Register Placement for Timing                                 ; Normal          ; Normal        ;
; Fitter Initial Placement Seed                                              ; 1               ; 1             ;
; Slow Slew Rate                                                             ; Off             ; Off           ;
; Fitter Effort                                                              ; Auto Fit        ; Auto Fit      ;
; Force Fitter to Avoid Periphery Placement Warnings                         ; Off             ; Off           ;
+----------------------------------------------------------------------------+-----------------+---------------+


Parallel compilation was disabled, but you have multiple processors available. Enable parallel compilation to reduce compilation time.
+-------------------------------------+
; Parallel Compilation                ;
+----------------------------+--------+
; Processors                 ; Number ;
+----------------------------+--------+
; Number detected on machine ; 12     ;
; Maximum allowed            ; 1      ;
+----------------------------+--------+


+--------------+
; Pin-Out File ;
+--------------+
The pin-out file can be found in C:/Users/fq304107/Documents/SAE_ROUE/PLD/output_files/pld_mbed_etudiant.pin.


+-------------------------------------------------+
; Fitter Resource Usage Summary                   ;
+------------------------------+------------------+
; Resource                     ; Usage            ;
+------------------------------+------------------+
; Logic cells                  ; 43 / 64 ( 67 % ) ;
; Registers                    ; 28 / 64 ( 44 % ) ;
; Number of pterms used        ; 97               ;
; I/O pins                     ; 30 / 36 ( 83 % ) ;
;     -- Clock pins            ; 1 / 2 ( 50 % )   ;
;     -- Dedicated input pins  ; 0 / 2 ( 0 % )    ;
;                              ;                  ;
; Global signals               ; 1                ;
; Shareable expanders          ; 0 / 64 ( 0 % )   ;
; Parallel expanders           ; 4 / 60 ( 7 % )   ;
; Cells using turbo bit        ; 43 / 64 ( 67 % ) ;
; Maximum fan-out              ; 19               ;
; Highest non-global fan-out   ; 19               ;
; Total fan-out                ; 237              ;
; Average fan-out              ; 3.25             ;
+------------------------------+------------------+


+----------------------------------------------------------------------------------------------------------------------------------------------------+
; Input Pins                                                                                                                                         ;
+--------------+-------+----------+-----+-----------------------+--------------------+--------+----------------+--------------+----------------------+
; Name         ; Pin # ; I/O Bank ; LAB ; Combinational Fan-Out ; Registered Fan-Out ; Global ; Input Register ; I/O Standard ; Location assigned by ;
+--------------+-------+----------+-----+-----------------------+--------------------+--------+----------------+--------------+----------------------+
; BRAKE        ; 5     ; --       ; 1   ; 1                     ; 0                  ; no     ; no             ; TTL          ; User                 ;
; DIRECTION    ; 36    ; --       ; 4   ; 1                     ; 0                  ; no     ; no             ; TTL          ; User                 ;
; FLTA         ; 6     ; --       ; 1   ; 1                     ; 0                  ; no     ; no             ; TTL          ; User                 ;
; HALLA        ; 39    ; --       ; 4   ; 2                     ; 0                  ; no     ; no             ; TTL          ; User                 ;
; HALLB        ; 40    ; --       ; 4   ; 2                     ; 0                  ; no     ; no             ; TTL          ; User                 ;
; HALLC        ; 41    ; --       ; 4   ; 2                     ; 0                  ; no     ; no             ; TTL          ; User                 ;
; H_2_5MHZ     ; 43    ; --       ; --  ; 9                     ; 0                  ; yes    ; no             ; TTL          ; User                 ;
; Over_current ; 37    ; --       ; 4   ; 1                     ; 0                  ; no     ; no             ; TTL          ; User                 ;
; PCS6         ; 28    ; --       ; 3   ; 1                     ; 0                  ; no     ; no             ; TTL          ; User                 ;
; RD_WRn       ; 29    ; --       ; 3   ; 1                     ; 0                  ; no     ; no             ; TTL          ; User                 ;
; valid_pwm    ; 33    ; --       ; 4   ; 0                     ; 0                  ; no     ; no             ; TTL          ; User                 ;
+--------------+-------+----------+-----+-----------------------+--------------------+--------+----------------+--------------+----------------------+


+----------------------------------------------------------------------------------------------------------------------------------------------------------------------------------------------+
; Output Pins                                                                                                                                                                                  ;
+----------+-------+----------+-----+-----------------+----------------+------------+---------------+--------------+----------------------+-------+----------------------+---------------------+
; Name     ; Pin # ; I/O Bank ; LAB ; Output Register ; Slow Slew Rate ; Open Drain ; TRI Primitive ; I/O Standard ; Location assigned by ; Load  ; Output Enable Source ; Output Enable Group ;
+----------+-------+----------+-----+-----------------+----------------+------------+---------------+--------------+----------------------+-------+----------------------+---------------------+
; PWMAH    ; 14    ; --       ; 2   ; no              ; no             ; no         ; no            ; TTL          ; User                 ; 10 pF ; -                    ; -                   ;
; PWMAL    ; 16    ; --       ; 2   ; no              ; no             ; no         ; no            ; TTL          ; User                 ; 10 pF ; -                    ; -                   ;
; PWMBH    ; 11    ; --       ; 1   ; no              ; no             ; no         ; no            ; TTL          ; User                 ; 10 pF ; -                    ; -                   ;
; PWMBL    ; 12    ; --       ; 1   ; no              ; no             ; no         ; no            ; TTL          ; User                 ; 10 pF ; -                    ; -                   ;
; PWMCH    ; 8     ; --       ; 1   ; no              ; no             ; no         ; no            ; TTL          ; User                 ; 10 pF ; -                    ; -                   ;
; PWMCL    ; 9     ; --       ; 1   ; no              ; no             ; no         ; no            ; TTL          ; User                 ; 10 pF ; -                    ; -                   ;
; TOP_HALL ; 31    ; --       ; 3   ; no              ; no             ; no         ; no            ; TTL          ; User                 ; 10 pF ; -                    ; -                   ;
+----------+-------+----------+-----+-----------------+----------------+------------+---------------+--------------+----------------------+-------+----------------------+---------------------+


+-------------------------------------------------------------------------------------------------------------------------------------------------------------------------------------------------------------------------------------------------------------------+
; Bidir Pins                                                                                                                                                                                                                                                        ;
+-------+-------+----------+-----+-----------------------+--------------------+--------+----------------+-----------------+----------------+------------+--------------+----------------------+-------+---------------------------------------+---------------------+
; Name  ; Pin # ; I/O Bank ; LAB ; Combinational Fan-Out ; Registered Fan-Out ; Global ; Input Register ; Output Register ; Slow Slew Rate ; Open Drain ; I/O Standard ; Location assigned by ; Load  ; Output Enable Source                  ; Output Enable Group ;
+-------+-------+----------+-----+-----------------------+--------------------+--------+----------------+-----------------+----------------+------------+--------------+----------------------+-------+---------------------------------------+---------------------+
; AD[0] ; 26    ; --       ; 3   ; 0                     ; 0                  ; no     ; no             ; no              ; no             ; no         ; TTL          ; User                 ; 10 pF ; bloc_io_mbed:inst|RD_INT~0 (inverted) ; -                   ;
; AD[1] ; 25    ; --       ; 3   ; 0                     ; 0                  ; no     ; no             ; no              ; no             ; no         ; TTL          ; User                 ; 10 pF ; bloc_io_mbed:inst|RD_INT~0 (inverted) ; -                   ;
; AD[2] ; 24    ; --       ; 3   ; 0                     ; 0                  ; no     ; no             ; no              ; no             ; no         ; TTL          ; User                 ; 10 pF ; bloc_io_mbed:inst|RD_INT~0 (inverted) ; -                   ;
; AD[3] ; 21    ; --       ; 2   ; 0                     ; 0                  ; no     ; no             ; no              ; no             ; no         ; TTL          ; User                 ; 10 pF ; bloc_io_mbed:inst|RD_INT~0 (inverted) ; -                   ;
; AD[4] ; 20    ; --       ; 2   ; 0                     ; 0                  ; no     ; no             ; no              ; no             ; no         ; TTL          ; User                 ; 10 pF ; bloc_io_mbed:inst|RD_INT~0 (inverted) ; -                   ;
; AD[5] ; 19    ; --       ; 2   ; 0                     ; 0                  ; no     ; no             ; no              ; no             ; no         ; TTL          ; User                 ; 10 pF ; bloc_io_mbed:inst|RD_INT~0 (inverted) ; -                   ;
; AD[6] ; 18    ; --       ; 2   ; 0                     ; 0                  ; no     ; no             ; no              ; no             ; no         ; TTL          ; User                 ; 10 pF ; bloc_io_mbed:inst|RD_INT~0 (inverted) ; -                   ;
; AD[7] ; 17    ; --       ; 2   ; 0                     ; 0                  ; no     ; no             ; no              ; no             ; yes        ; TTL          ; User                 ; 10 pF ; bloc_io_mbed:inst|RD_INT~0 (inverted) ; -                   ;
+-------+-------+----------+-----+-----------------------+--------------------+--------+----------------+-----------------+----------------+------------+--------------+----------------------+-------+---------------------------------------+---------------------+


+-------------------------------------------------------------------------------------------------------+
; All Package Pins                                                                                      ;
+----------+------------+----------+----------------+--------+--------------+---------+-----------------+
; Location ; Pad Number ; I/O Bank ; Pin Name/Usage ; Dir.   ; I/O Standard ; Voltage ; User Assignment ;
+----------+------------+----------+----------------+--------+--------------+---------+-----------------+
; 1        ; 0          ; --       ; GND+           ;        ;              ;         ;                 ;
; 2        ; 1          ; --       ; GND+           ;        ;              ;         ;                 ;
; 3        ; 2          ; --       ; VCC            ; power  ;              ;         ;                 ;
; 4        ; 3          ; --       ; RESERVED       ;        ;              ;         ;                 ;
; 5        ; 4          ; --       ; BRAKE          ; input  ; TTL          ;         ; Y               ;
; 6        ; 5          ; --       ; FLTA           ; input  ; TTL          ;         ; Y               ;
; 7        ; 6          ; --       ; TDI            ; input  ; TTL          ;         ; N               ;
; 8        ; 7          ; --       ; PWMCH          ; output ; TTL          ;         ; Y               ;
; 9        ; 8          ; --       ; PWMCL          ; output ; TTL          ;         ; Y               ;
; 10       ; 9          ; --       ; GND            ; gnd    ;              ;         ;                 ;
; 11       ; 10         ; --       ; PWMBH          ; output ; TTL          ;         ; Y               ;
; 12       ; 11         ; --       ; PWMBL          ; output ; TTL          ;         ; Y               ;
; 13       ; 12         ; --       ; TMS            ; input  ; TTL          ;         ; N               ;
; 14       ; 13         ; --       ; PWMAH          ; output ; TTL          ;         ; Y               ;
; 15       ; 14         ; --       ; VCC            ; power  ;              ;         ;                 ;
; 16       ; 15         ; --       ; PWMAL          ; output ; TTL          ;         ; Y               ;
; 17       ; 16         ; --       ; AD[7]          ; bidir  ; TTL          ;         ; Y               ;
; 18       ; 17         ; --       ; AD[6]          ; bidir  ; TTL          ;         ; Y               ;
; 19       ; 18         ; --       ; AD[5]          ; bidir  ; TTL          ;         ; Y               ;
; 20       ; 19         ; --       ; AD[4]          ; bidir  ; TTL          ;         ; Y               ;
; 21       ; 20         ; --       ; AD[3]          ; bidir  ; TTL          ;         ; Y               ;
; 22       ; 21         ; --       ; GND            ; gnd    ;              ;         ;                 ;
; 23       ; 22         ; --       ; VCC            ; power  ;              ;         ;                 ;
; 24       ; 23         ; --       ; AD[2]          ; bidir  ; TTL          ;         ; Y               ;
; 25       ; 24         ; --       ; AD[1]          ; bidir  ; TTL          ;         ; Y               ;
; 26       ; 25         ; --       ; AD[0]          ; bidir  ; TTL          ;         ; Y               ;
; 27       ; 26         ; --       ; RESERVED       ;        ;              ;         ;                 ;
; 28       ; 27         ; --       ; PCS6           ; input  ; TTL          ;         ; Y               ;
; 29       ; 28         ; --       ; RD_WRn         ; input  ; TTL          ;         ; Y               ;
; 30       ; 29         ; --       ; GND            ; gnd    ;              ;         ;                 ;
; 31       ; 30         ; --       ; TOP_HALL       ; output ; TTL          ;         ; Y               ;
; 32       ; 31         ; --       ; TCK            ; input  ; TTL          ;         ; N               ;
; 33       ; 32         ; --       ; valid_pwm      ; input  ; TTL          ;         ; Y               ;
; 34       ; 33         ; --       ; RESERVED       ;        ;              ;         ;                 ;
; 35       ; 34         ; --       ; VCC            ; power  ;              ;         ;                 ;
; 36       ; 35         ; --       ; DIRECTION      ; input  ; TTL          ;         ; Y               ;
; 37       ; 36         ; --       ; Over_current   ; input  ; TTL          ;         ; Y               ;
; 38       ; 37         ; --       ; TDO            ; output ; TTL          ;         ; N               ;
; 39       ; 38         ; --       ; HALLA          ; input  ; TTL          ;         ; Y               ;
; 40       ; 39         ; --       ; HALLB          ; input  ; TTL          ;         ; Y               ;
; 41       ; 40         ; --       ; HALLC          ; input  ; TTL          ;         ; Y               ;
; 42       ; 41         ; --       ; GND            ; gnd    ;              ;         ;                 ;
; 43       ; 42         ; --       ; H_2_5MHZ       ; input  ; TTL          ;         ; Y               ;
; 44       ; 43         ; --       ; GND+           ;        ;              ;         ;                 ;
+----------+------------+----------+----------------+--------+--------------+---------+-----------------+
Note: Pin directions (input, output or bidir) are based on device operating in user mode.


+--------------------------------------------------------------------------------------------------+
; I/O Standard                                                                                     ;
+--------------+------------+----------------------+-------------------+-------------------+-------+
; I/O Standard ; Input Vref ; Dedicated Input Pins ; Pins in I/O Bank1 ; Pins in I/O Bank2 ; Total ;
+--------------+------------+----------------------+-------------------+-------------------+-------+
; TTL          ; -          ; 1                    ; 0                 ; 0                 ; 1     ;
+--------------+------------+----------------------+-------------------+-------------------+-------+


+------------------------------------------------------------------------+
; Dedicated Inputs I/O                                                   ;
+----------+-------+-------+-------+--------------+------------+---------+
; Name     ; Pin # ; Type  ; VCCIO ; I/O Standard ; Input Vref ; Current ;
+----------+-------+-------+-------+--------------+------------+---------+
; H_2_5MHZ ; 43    ; Input ; --    ; TTL          ; -          ; 0 mA    ;
+----------+-------+-------+-------+--------------+------------+---------+


+-----------------------------------------------+
; Output Pin Default Load For Reported TCO      ;
+--------------+-------+------------------------+
; I/O Standard ; Load  ; Termination Resistance ;
+--------------+-------+------------------------+
; TTL          ; 10 pF ; Not Available          ;
+--------------+-------+------------------------+
Note: User assignments will override these defaults. The user specified values are listed in the Output Pins and Bidir Pins tables.


+----------------------------------------------------------------------------------------------------------------------------------------------+
; Fitter Resource Utilization by Entity                                                                                                        ;
+-----------------------------------+------------+------+-----------------------------------------------------------------------+--------------+
; Compilation Hierarchy Node        ; Macrocells ; Pins ; Full Hierarchy Name                                                   ; Library Name ;
+-----------------------------------+------------+------+-----------------------------------------------------------------------+--------------+
; |matrix_scooter_pwm_mbed_etudiant ; 43         ; 30   ; |matrix_scooter_pwm_mbed_etudiant                                     ; work         ;
;    |PWM:inst4|                    ; 9          ; 0    ; |matrix_scooter_pwm_mbed_etudiant|PWM:inst4                           ; work         ;
;       |lpm_counter:CPT_CLK_rtl_0| ; 8          ; 0    ; |matrix_scooter_pwm_mbed_etudiant|PWM:inst4|lpm_counter:CPT_CLK_rtl_0 ; work         ;
;    |bloc_io_mbed:inst|            ; 1          ; 0    ; |matrix_scooter_pwm_mbed_etudiant|bloc_io_mbed:inst                   ; work         ;
;    |collecteur_num:inst3|         ; 9          ; 0    ; |matrix_scooter_pwm_mbed_etudiant|collecteur_num:inst3                ; work         ;
;    |filtre_hall:inst5|            ; 17         ; 0    ; |matrix_scooter_pwm_mbed_etudiant|filtre_hall:inst5                   ; work         ;
+-----------------------------------+------------+------+-----------------------------------------------------------------------+--------------+


+---------------------------------------------------------------------------------------------------+
; Control Signals                                                                                   ;
+-------------------+----------+---------+-------+--------+----------------------+------------------+
; Name              ; Location ; Fan-Out ; Usage ; Global ; Global Resource Used ; Global Line Name ;
+-------------------+----------+---------+-------+--------+----------------------+------------------+
; H_2_5MHZ          ; PIN_43   ; 9       ; Clock ; yes    ; On                   ; --               ;
; PWM:inst4|H_10KHZ ; LC2      ; 19      ; Clock ; no     ; --                   ; --               ;
+-------------------+----------+---------+-------+--------+----------------------+------------------+


+-------------------------------------------------------------------------+
; Global & Other Fast Signals                                             ;
+----------+----------+---------+----------------------+------------------+
; Name     ; Location ; Fan-Out ; Global Resource Used ; Global Line Name ;
+----------+----------+---------+----------------------+------------------+
; H_2_5MHZ ; PIN_43   ; 9       ; On                   ; --               ;
+----------+----------+---------+----------------------+------------------+


+-------------------------------------------------------+
; Non-Global High Fan-Out Signals                       ;
+---------------------------------------------+---------+
; Name                                        ; Fan-Out ;
+---------------------------------------------+---------+
; PWM:inst4|H_10KHZ                           ; 19      ;
; PWM:inst4|lpm_counter:CPT_CLK_rtl_0|dffs[0] ; 11      ;
; PWM:inst4|lpm_counter:CPT_CLK_rtl_0|dffs[1] ; 10      ;
; filtre_hall:inst5|N_2[2]                    ; 9       ;
; filtre_hall:inst5|N_2[1]                    ; 9       ;
; filtre_hall:inst5|N_2[0]                    ; 9       ;
; filtre_hall:inst5|N[2]                      ; 9       ;
; filtre_hall:inst5|N[1]                      ; 9       ;
; filtre_hall:inst5|N[0]                      ; 9       ;
; PWM:inst4|lpm_counter:CPT_CLK_rtl_0|dffs[2] ; 9       ;
; filtre_hall:inst5|N_3[2]                    ; 8       ;
; filtre_hall:inst5|N_3[1]                    ; 8       ;
; filtre_hall:inst5|N_3[0]                    ; 8       ;
; PWM:inst4|lpm_counter:CPT_CLK_rtl_0|dffs[3] ; 8       ;
; bloc_io_mbed:inst|RD_INT~0                  ; 8       ;
; filtre_hall:inst5|valid_hall                ; 7       ;
; PWM:inst4|lpm_counter:CPT_CLK_rtl_0|dffs[4] ; 7       ;
; filtre_hall:inst5|hall_filtre[0]            ; 6       ;
; filtre_hall:inst5|hall_filtre[1]            ; 6       ;
; filtre_hall:inst5|hall_filtre[2]            ; 6       ;
; PWM:inst4|lpm_counter:CPT_CLK_rtl_0|dffs[5] ; 6       ;
; PWM:inst4|lpm_counter:CPT_CLK_rtl_0|dffs[6] ; 5       ;
; PWM:inst4|lpm_counter:CPT_CLK_rtl_0|dffs[7] ; 4       ;
; HALLC                                       ; 2       ;
; HALLB                                       ; 2       ;
; HALLA                                       ; 2       ;
; collecteur_num:inst3|Command[5]             ; 2       ;
; collecteur_num:inst3|Command[4]             ; 2       ;
; collecteur_num:inst3|Command[3]             ; 2       ;
; collecteur_num:inst3|Command[2]             ; 2       ;
; collecteur_num:inst3|Command[1]             ; 2       ;
; collecteur_num:inst3|Command[0]             ; 2       ;
; Over_current                                ; 1       ;
; BRAKE                                       ; 1       ;
; FLTA                                        ; 1       ;
; PCS6                                        ; 1       ;
; RD_WRn                                      ; 1       ;
; DIRECTION                                   ; 1       ;
; filtre_hall:inst5|hall_filtre[0]~40         ; 1       ;
; filtre_hall:inst5|hall_filtre[1]~35         ; 1       ;
; filtre_hall:inst5|hall_filtre[2]~30         ; 1       ;
; filtre_hall:inst5|process_0~8               ; 1       ;
; collecteur_num:inst3|PWM_AH~1               ; 1       ;
; collecteur_num:inst3|PWM_BH~1               ; 1       ;
; collecteur_num:inst3|PWM_CH~1               ; 1       ;
; HALLA~1                                     ; 1       ;
; HALLB~1                                     ; 1       ;
; HALLC~1                                     ; 1       ;
; DIRECTION~1                                 ; 1       ;
; FLTA~1                                      ; 1       ;
; BRAKE~1                                     ; 1       ;
; Over_current~1                              ; 1       ;
+---------------------------------------------+---------+


+-------------------------------------------------+
; Other Routing Usage Summary                     ;
+-----------------------------+-------------------+
; Other Routing Resource Type ; Usage             ;
+-----------------------------+-------------------+
; Output enables              ; 1 / 6 ( 17 % )    ;
; PIA buffers                 ; 58 / 144 ( 40 % ) ;
+-----------------------------+-------------------+


+-----------------------------------------------------------------------+
; LAB Macrocells                                                        ;
+-----------------------------------------+-----------------------------+
; Number of Macrocells  (Average = 10.75) ; Number of LABs  (Total = 4) ;
+-----------------------------------------+-----------------------------+
; 0                                       ; 0                           ;
; 1                                       ; 0                           ;
; 2                                       ; 0                           ;
; 3                                       ; 0                           ;
; 4                                       ; 1                           ;
; 5                                       ; 0                           ;
; 6                                       ; 0                           ;
; 7                                       ; 0                           ;
; 8                                       ; 1                           ;
; 9                                       ; 0                           ;
; 10                                      ; 0                           ;
; 11                                      ; 0                           ;
; 12                                      ; 0                           ;
; 13                                      ; 0                           ;
; 14                                      ; 0                           ;
; 15                                      ; 1                           ;
; 16                                      ; 1                           ;
+-----------------------------------------+-----------------------------+


+---------------------------------------------------------+
; Parallel Expander                                       ;
+--------------------------+------------------------------+
; Parallel Expander Length ; Number of Parallel Expanders ;
+--------------------------+------------------------------+
; 0                        ; 0                            ;
; 1                        ; 4                            ;
+--------------------------+------------------------------+


+-----------------------------------------------------------------------------------------------------------------------------------------------------------------------------------------------------------------------------------------------------------------------------------------------------------------------------------------------------------------------------------------------------------------------------------------------------------------------------------------------------------------------------------------------------------------------------------------------------------------------------------------------------------------------------------------------------------------------------------------------------------------------------------------------------------------------------------------------------------------------------------------------------------------------------------------------------------------------------------------------------------+
; Logic Cell Interconnection                                                                                                                                                                                                                                                                                                                                                                                                                                                                                                                                                                                                                                                                                                                                                                                                                                                                                                                                                                                ;
+-----+------------+---------------------------------------------------------------------------------------------------------------------------------------------------------------------------------------------------------------------------------------------------------------------------------------------------------------------------------------------------------------------------------------------------------+------------------------------------------------------------------------------------------------------------------------------------------------------------------------------------------------------------------------------------------------------------------------------------------------------------------------------------------------------------------------------------------------------------------------------------------------------------------------------------------------------------------------------------------------------------------------------+
; LAB ; Logic Cell ; Input                                                                                                                                                                                                                                                                                                                                                                                                   ; Output                                                                                                                                                                                                                                                                                                                                                                                                                                                                                                                                                                       ;
+-----+------------+---------------------------------------------------------------------------------------------------------------------------------------------------------------------------------------------------------------------------------------------------------------------------------------------------------------------------------------------------------------------------------------------------------+------------------------------------------------------------------------------------------------------------------------------------------------------------------------------------------------------------------------------------------------------------------------------------------------------------------------------------------------------------------------------------------------------------------------------------------------------------------------------------------------------------------------------------------------------------------------------+
;  A  ; LC16       ; H_2_5MHZ, PWM:inst4|lpm_counter:CPT_CLK_rtl_0|dffs[1], PWM:inst4|lpm_counter:CPT_CLK_rtl_0|dffs[0]                                                                                                                                                                                                                                                                                                      ; PWM:inst4|lpm_counter:CPT_CLK_rtl_0|dffs[3], PWM:inst4|lpm_counter:CPT_CLK_rtl_0|dffs[4], PWM:inst4|lpm_counter:CPT_CLK_rtl_0|dffs[5], PWM:inst4|lpm_counter:CPT_CLK_rtl_0|dffs[6], PWM:inst4|lpm_counter:CPT_CLK_rtl_0|dffs[7], PWM:inst4|H_10KHZ, collecteur_num:inst3|PWM_CH~1, collecteur_num:inst3|PWM_BH~1, collecteur_num:inst3|PWM_AH~1                                                                                                                                                                                                                              ;
;  A  ; LC9        ; H_2_5MHZ, PWM:inst4|lpm_counter:CPT_CLK_rtl_0|dffs[6], PWM:inst4|lpm_counter:CPT_CLK_rtl_0|dffs[5], PWM:inst4|lpm_counter:CPT_CLK_rtl_0|dffs[4], PWM:inst4|lpm_counter:CPT_CLK_rtl_0|dffs[3], PWM:inst4|lpm_counter:CPT_CLK_rtl_0|dffs[2], PWM:inst4|lpm_counter:CPT_CLK_rtl_0|dffs[1], PWM:inst4|lpm_counter:CPT_CLK_rtl_0|dffs[0]                                                                     ; PWM:inst4|H_10KHZ, collecteur_num:inst3|PWM_CH~1, collecteur_num:inst3|PWM_BH~1, collecteur_num:inst3|PWM_AH~1                                                                                                                                                                                                                                                                                                                                                                                                                                                               ;
;  A  ; LC2        ; H_2_5MHZ, PWM:inst4|lpm_counter:CPT_CLK_rtl_0|dffs[7], PWM:inst4|lpm_counter:CPT_CLK_rtl_0|dffs[6], PWM:inst4|lpm_counter:CPT_CLK_rtl_0|dffs[5], PWM:inst4|lpm_counter:CPT_CLK_rtl_0|dffs[4], PWM:inst4|lpm_counter:CPT_CLK_rtl_0|dffs[3], PWM:inst4|lpm_counter:CPT_CLK_rtl_0|dffs[2], PWM:inst4|lpm_counter:CPT_CLK_rtl_0|dffs[1], PWM:inst4|lpm_counter:CPT_CLK_rtl_0|dffs[0]                        ; filtre_hall:inst5|N[0], filtre_hall:inst5|N[1], filtre_hall:inst5|N[2], filtre_hall:inst5|N_2[0], filtre_hall:inst5|N_2[1], filtre_hall:inst5|N_2[2], filtre_hall:inst5|N_3[0], filtre_hall:inst5|N_3[1], filtre_hall:inst5|N_3[2], filtre_hall:inst5|valid_hall, filtre_hall:inst5|hall_filtre[2], filtre_hall:inst5|hall_filtre[1], filtre_hall:inst5|hall_filtre[0], collecteur_num:inst3|Command[0], collecteur_num:inst3|Command[1], collecteur_num:inst3|Command[2], collecteur_num:inst3|Command[3], collecteur_num:inst3|Command[4], collecteur_num:inst3|Command[5] ;
;  A  ; LC12       ; filtre_hall:inst5|hall_filtre[2], filtre_hall:inst5|hall_filtre[1], filtre_hall:inst5|valid_hall, collecteur_num:inst3|Command[3], PWM:inst4|H_10KHZ                                                                                                                                                                                                                                                    ; collecteur_num:inst3|Command[3], collecteur_num:inst3|PWM_BH~1                                                                                                                                                                                                                                                                                                                                                                                                                                                                                                               ;
;  A  ; LC1        ; filtre_hall:inst5|hall_filtre[2], filtre_hall:inst5|hall_filtre[1], filtre_hall:inst5|valid_hall, collecteur_num:inst3|Command[2], PWM:inst4|H_10KHZ                                                                                                                                                                                                                                                    ; collecteur_num:inst3|Command[2], PWMBL                                                                                                                                                                                                                                                                                                                                                                                                                                                                                                                                       ;
;  A  ; LC3        ; PWM:inst4|lpm_counter:CPT_CLK_rtl_0|dffs[6], PWM:inst4|lpm_counter:CPT_CLK_rtl_0|dffs[5], PWM:inst4|lpm_counter:CPT_CLK_rtl_0|dffs[4], PWM:inst4|lpm_counter:CPT_CLK_rtl_0|dffs[3], PWM:inst4|lpm_counter:CPT_CLK_rtl_0|dffs[2], PWM:inst4|lpm_counter:CPT_CLK_rtl_0|dffs[1], PWM:inst4|lpm_counter:CPT_CLK_rtl_0|dffs[0], collecteur_num:inst3|Command[3], PWM:inst4|lpm_counter:CPT_CLK_rtl_0|dffs[7] ; PWMBH                                                                                                                                                                                                                                                                                                                                                                                                                                                                                                                                                                        ;
;  A  ; LC13       ; filtre_hall:inst5|hall_filtre[2], filtre_hall:inst5|hall_filtre[0], filtre_hall:inst5|valid_hall, collecteur_num:inst3|Command[1], PWM:inst4|H_10KHZ                                                                                                                                                                                                                                                    ; collecteur_num:inst3|Command[1], collecteur_num:inst3|PWM_CH~1                                                                                                                                                                                                                                                                                                                                                                                                                                                                                                               ;
;  A  ; LC4        ; filtre_hall:inst5|hall_filtre[2], filtre_hall:inst5|hall_filtre[0], filtre_hall:inst5|valid_hall, collecteur_num:inst3|Command[0], PWM:inst4|H_10KHZ                                                                                                                                                                                                                                                    ; collecteur_num:inst3|Command[0], PWMCL                                                                                                                                                                                                                                                                                                                                                                                                                                                                                                                                       ;
;  A  ; LC14       ; H_2_5MHZ                                                                                                                                                                                                                                                                                                                                                                                                ; PWM:inst4|lpm_counter:CPT_CLK_rtl_0|dffs[1], PWM:inst4|lpm_counter:CPT_CLK_rtl_0|dffs[2], PWM:inst4|lpm_counter:CPT_CLK_rtl_0|dffs[3], PWM:inst4|lpm_counter:CPT_CLK_rtl_0|dffs[4], PWM:inst4|lpm_counter:CPT_CLK_rtl_0|dffs[5], PWM:inst4|lpm_counter:CPT_CLK_rtl_0|dffs[6], PWM:inst4|lpm_counter:CPT_CLK_rtl_0|dffs[7], PWM:inst4|H_10KHZ, collecteur_num:inst3|PWM_CH~1, collecteur_num:inst3|PWM_BH~1, collecteur_num:inst3|PWM_AH~1                                                                                                                                    ;
;  A  ; LC8        ; H_2_5MHZ, PWM:inst4|lpm_counter:CPT_CLK_rtl_0|dffs[0]                                                                                                                                                                                                                                                                                                                                                   ; PWM:inst4|lpm_counter:CPT_CLK_rtl_0|dffs[2], PWM:inst4|lpm_counter:CPT_CLK_rtl_0|dffs[3], PWM:inst4|lpm_counter:CPT_CLK_rtl_0|dffs[4], PWM:inst4|lpm_counter:CPT_CLK_rtl_0|dffs[5], PWM:inst4|lpm_counter:CPT_CLK_rtl_0|dffs[6], PWM:inst4|lpm_counter:CPT_CLK_rtl_0|dffs[7], PWM:inst4|H_10KHZ, collecteur_num:inst3|PWM_CH~1, collecteur_num:inst3|PWM_BH~1, collecteur_num:inst3|PWM_AH~1                                                                                                                                                                                 ;
;  A  ; LC5        ; PWM:inst4|lpm_counter:CPT_CLK_rtl_0|dffs[6], PWM:inst4|lpm_counter:CPT_CLK_rtl_0|dffs[5], PWM:inst4|lpm_counter:CPT_CLK_rtl_0|dffs[4], PWM:inst4|lpm_counter:CPT_CLK_rtl_0|dffs[3], PWM:inst4|lpm_counter:CPT_CLK_rtl_0|dffs[2], PWM:inst4|lpm_counter:CPT_CLK_rtl_0|dffs[1], PWM:inst4|lpm_counter:CPT_CLK_rtl_0|dffs[0], collecteur_num:inst3|Command[1], PWM:inst4|lpm_counter:CPT_CLK_rtl_0|dffs[7] ; PWMCH                                                                                                                                                                                                                                                                                                                                                                                                                                                                                                                                                                        ;
;  A  ; LC7        ; H_2_5MHZ, PWM:inst4|lpm_counter:CPT_CLK_rtl_0|dffs[2], PWM:inst4|lpm_counter:CPT_CLK_rtl_0|dffs[1], PWM:inst4|lpm_counter:CPT_CLK_rtl_0|dffs[0]                                                                                                                                                                                                                                                         ; PWM:inst4|lpm_counter:CPT_CLK_rtl_0|dffs[4], PWM:inst4|lpm_counter:CPT_CLK_rtl_0|dffs[5], PWM:inst4|lpm_counter:CPT_CLK_rtl_0|dffs[6], PWM:inst4|lpm_counter:CPT_CLK_rtl_0|dffs[7], PWM:inst4|H_10KHZ, collecteur_num:inst3|PWM_CH~1, collecteur_num:inst3|PWM_BH~1, collecteur_num:inst3|PWM_AH~1                                                                                                                                                                                                                                                                           ;
;  A  ; LC6        ; H_2_5MHZ, PWM:inst4|lpm_counter:CPT_CLK_rtl_0|dffs[3], PWM:inst4|lpm_counter:CPT_CLK_rtl_0|dffs[2], PWM:inst4|lpm_counter:CPT_CLK_rtl_0|dffs[1], PWM:inst4|lpm_counter:CPT_CLK_rtl_0|dffs[0]                                                                                                                                                                                                            ; PWM:inst4|lpm_counter:CPT_CLK_rtl_0|dffs[5], PWM:inst4|lpm_counter:CPT_CLK_rtl_0|dffs[6], PWM:inst4|lpm_counter:CPT_CLK_rtl_0|dffs[7], PWM:inst4|H_10KHZ, collecteur_num:inst3|PWM_CH~1, collecteur_num:inst3|PWM_BH~1, collecteur_num:inst3|PWM_AH~1                                                                                                                                                                                                                                                                                                                        ;
;  A  ; LC11       ; H_2_5MHZ, PWM:inst4|lpm_counter:CPT_CLK_rtl_0|dffs[4], PWM:inst4|lpm_counter:CPT_CLK_rtl_0|dffs[3], PWM:inst4|lpm_counter:CPT_CLK_rtl_0|dffs[2], PWM:inst4|lpm_counter:CPT_CLK_rtl_0|dffs[1], PWM:inst4|lpm_counter:CPT_CLK_rtl_0|dffs[0]                                                                                                                                                               ; PWM:inst4|lpm_counter:CPT_CLK_rtl_0|dffs[6], PWM:inst4|lpm_counter:CPT_CLK_rtl_0|dffs[7], PWM:inst4|H_10KHZ, collecteur_num:inst3|PWM_CH~1, collecteur_num:inst3|PWM_BH~1, collecteur_num:inst3|PWM_AH~1                                                                                                                                                                                                                                                                                                                                                                     ;
;  A  ; LC10       ; H_2_5MHZ, PWM:inst4|lpm_counter:CPT_CLK_rtl_0|dffs[5], PWM:inst4|lpm_counter:CPT_CLK_rtl_0|dffs[4], PWM:inst4|lpm_counter:CPT_CLK_rtl_0|dffs[3], PWM:inst4|lpm_counter:CPT_CLK_rtl_0|dffs[2], PWM:inst4|lpm_counter:CPT_CLK_rtl_0|dffs[1], PWM:inst4|lpm_counter:CPT_CLK_rtl_0|dffs[0]                                                                                                                  ; PWM:inst4|lpm_counter:CPT_CLK_rtl_0|dffs[7], PWM:inst4|H_10KHZ, collecteur_num:inst3|PWM_CH~1, collecteur_num:inst3|PWM_BH~1, collecteur_num:inst3|PWM_AH~1                                                                                                                                                                                                                                                                                                                                                                                                                  ;
;  B  ; LC21       ; Over_current                                                                                                                                                                                                                                                                                                                                                                                            ; AD[6]                                                                                                                                                                                                                                                                                                                                                                                                                                                                                                                                                                        ;
;  B  ; LC20       ; BRAKE                                                                                                                                                                                                                                                                                                                                                                                                   ; AD[5]                                                                                                                                                                                                                                                                                                                                                                                                                                                                                                                                                                        ;
;  B  ; LC19       ; FLTA                                                                                                                                                                                                                                                                                                                                                                                                    ; AD[4]                                                                                                                                                                                                                                                                                                                                                                                                                                                                                                                                                                        ;
;  B  ; LC17       ; DIRECTION                                                                                                                                                                                                                                                                                                                                                                                               ; AD[3]                                                                                                                                                                                                                                                                                                                                                                                                                                                                                                                                                                        ;
;  B  ; LC18       ; filtre_hall:inst5|hall_filtre[1], filtre_hall:inst5|hall_filtre[0], filtre_hall:inst5|valid_hall, collecteur_num:inst3|Command[5], PWM:inst4|H_10KHZ                                                                                                                                                                                                                                                    ; collecteur_num:inst3|Command[5], collecteur_num:inst3|PWM_AH~1                                                                                                                                                                                                                                                                                                                                                                                                                                                                                                               ;
;  B  ; LC30       ; PWM:inst4|lpm_counter:CPT_CLK_rtl_0|dffs[6], PWM:inst4|lpm_counter:CPT_CLK_rtl_0|dffs[5], PWM:inst4|lpm_counter:CPT_CLK_rtl_0|dffs[4], PWM:inst4|lpm_counter:CPT_CLK_rtl_0|dffs[3], PWM:inst4|lpm_counter:CPT_CLK_rtl_0|dffs[2], PWM:inst4|lpm_counter:CPT_CLK_rtl_0|dffs[1], PWM:inst4|lpm_counter:CPT_CLK_rtl_0|dffs[0], collecteur_num:inst3|Command[5], PWM:inst4|lpm_counter:CPT_CLK_rtl_0|dffs[7] ; PWMAH                                                                                                                                                                                                                                                                                                                                                                                                                                                                                                                                                                        ;
;  B  ; LC24       ; RD_WRn, PCS6                                                                                                                                                                                                                                                                                                                                                                                            ; AD[7], AD[6], AD[5], AD[4], AD[3], AD[2], AD[1], AD[0]                                                                                                                                                                                                                                                                                                                                                                                                                                                                                                                       ;
;  B  ; LC25       ; filtre_hall:inst5|hall_filtre[1], filtre_hall:inst5|hall_filtre[0], filtre_hall:inst5|valid_hall, collecteur_num:inst3|Command[4], PWM:inst4|H_10KHZ                                                                                                                                                                                                                                                    ; collecteur_num:inst3|Command[4], PWMAL                                                                                                                                                                                                                                                                                                                                                                                                                                                                                                                                       ;
;  C  ; LC35       ; HALLB                                                                                                                                                                                                                                                                                                                                                                                                   ; AD[1]                                                                                                                                                                                                                                                                                                                                                                                                                                                                                                                                                                        ;
;  C  ; LC36       ; HALLA                                                                                                                                                                                                                                                                                                                                                                                                   ; AD[0]                                                                                                                                                                                                                                                                                                                                                                                                                                                                                                                                                                        ;
;  C  ; LC34       ; filtre_hall:inst5|N_2[2], PWM:inst4|H_10KHZ                                                                                                                                                                                                                                                                                                                                                             ; filtre_hall:inst5|valid_hall, filtre_hall:inst5|hall_filtre[2], filtre_hall:inst5|hall_filtre[1], filtre_hall:inst5|hall_filtre[0], filtre_hall:inst5|process_0~8, filtre_hall:inst5|hall_filtre[2]~30, filtre_hall:inst5|hall_filtre[1]~35, filtre_hall:inst5|hall_filtre[0]~40                                                                                                                                                                                                                                                                                             ;
;  C  ; LC46       ; filtre_hall:inst5|process_0~8, filtre_hall:inst5|N_2[0], filtre_hall:inst5|N_3[0], filtre_hall:inst5|N_2[1], filtre_hall:inst5|N_3[1], filtre_hall:inst5|N_2[2], filtre_hall:inst5|N_3[2], filtre_hall:inst5|N[0], filtre_hall:inst5|N[1], filtre_hall:inst5|N[2], PWM:inst4|H_10KHZ                                                                                                                    ; TOP_HALL, collecteur_num:inst3|Command[0], collecteur_num:inst3|Command[1], collecteur_num:inst3|Command[2], collecteur_num:inst3|Command[3], collecteur_num:inst3|Command[4], collecteur_num:inst3|Command[5]                                                                                                                                                                                                                                                                                                                                                               ;
;  C  ; LC48       ; filtre_hall:inst5|hall_filtre[2]~30, filtre_hall:inst5|N_3[2], filtre_hall:inst5|N[0], filtre_hall:inst5|N_3[0], filtre_hall:inst5|N_2[0], filtre_hall:inst5|N[1], filtre_hall:inst5|N_2[1], filtre_hall:inst5|N_3[1], filtre_hall:inst5|N[2], filtre_hall:inst5|N_2[2], filtre_hall:inst5|hall_filtre[2], PWM:inst4|H_10KHZ                                                                            ; filtre_hall:inst5|hall_filtre[2], collecteur_num:inst3|Command[0], collecteur_num:inst3|Command[1], collecteur_num:inst3|Command[2], collecteur_num:inst3|Command[3], filtre_hall:inst5|hall_filtre[2]~30                                                                                                                                                                                                                                                                                                                                                                    ;
;  C  ; LC38       ; filtre_hall:inst5|hall_filtre[1]~35, filtre_hall:inst5|N_3[1], filtre_hall:inst5|N[0], filtre_hall:inst5|N_3[0], filtre_hall:inst5|N_2[0], filtre_hall:inst5|N[1], filtre_hall:inst5|N_2[1], filtre_hall:inst5|N[2], filtre_hall:inst5|N_3[2], filtre_hall:inst5|N_2[2], filtre_hall:inst5|hall_filtre[1], PWM:inst4|H_10KHZ                                                                            ; filtre_hall:inst5|hall_filtre[1], collecteur_num:inst3|Command[2], collecteur_num:inst3|Command[3], collecteur_num:inst3|Command[4], collecteur_num:inst3|Command[5], filtre_hall:inst5|hall_filtre[1]~35                                                                                                                                                                                                                                                                                                                                                                    ;
;  C  ; LC43       ; filtre_hall:inst5|hall_filtre[0]~40, filtre_hall:inst5|N_3[0], filtre_hall:inst5|N[0], filtre_hall:inst5|N_2[0], filtre_hall:inst5|N[1], filtre_hall:inst5|N_3[1], filtre_hall:inst5|N_2[1], filtre_hall:inst5|N[2], filtre_hall:inst5|N_3[2], filtre_hall:inst5|N_2[2], filtre_hall:inst5|hall_filtre[0], PWM:inst4|H_10KHZ                                                                            ; filtre_hall:inst5|hall_filtre[0], collecteur_num:inst3|Command[0], collecteur_num:inst3|Command[1], collecteur_num:inst3|Command[4], collecteur_num:inst3|Command[5], filtre_hall:inst5|hall_filtre[0]~40                                                                                                                                                                                                                                                                                                                                                                    ;
;  C  ; LC40       ; filtre_hall:inst5|N[2], PWM:inst4|H_10KHZ                                                                                                                                                                                                                                                                                                                                                               ; filtre_hall:inst5|N_3[2], filtre_hall:inst5|valid_hall, filtre_hall:inst5|hall_filtre[2], filtre_hall:inst5|hall_filtre[1], filtre_hall:inst5|hall_filtre[0], filtre_hall:inst5|process_0~8, filtre_hall:inst5|hall_filtre[2]~30, filtre_hall:inst5|hall_filtre[1]~35, filtre_hall:inst5|hall_filtre[0]~40                                                                                                                                                                                                                                                                   ;
;  C  ; LC39       ; filtre_hall:inst5|N_2[0], PWM:inst4|H_10KHZ                                                                                                                                                                                                                                                                                                                                                             ; filtre_hall:inst5|valid_hall, filtre_hall:inst5|hall_filtre[2], filtre_hall:inst5|hall_filtre[1], filtre_hall:inst5|hall_filtre[0], filtre_hall:inst5|process_0~8, filtre_hall:inst5|hall_filtre[2]~30, filtre_hall:inst5|hall_filtre[1]~35, filtre_hall:inst5|hall_filtre[0]~40                                                                                                                                                                                                                                                                                             ;
;  C  ; LC33       ; HALLC                                                                                                                                                                                                                                                                                                                                                                                                   ; AD[2]                                                                                                                                                                                                                                                                                                                                                                                                                                                                                                                                                                        ;
;  C  ; LC41       ; filtre_hall:inst5|N[1], PWM:inst4|H_10KHZ                                                                                                                                                                                                                                                                                                                                                               ; filtre_hall:inst5|N_3[1], filtre_hall:inst5|valid_hall, filtre_hall:inst5|hall_filtre[2], filtre_hall:inst5|hall_filtre[1], filtre_hall:inst5|hall_filtre[0], filtre_hall:inst5|process_0~8, filtre_hall:inst5|hall_filtre[2]~30, filtre_hall:inst5|hall_filtre[1]~35, filtre_hall:inst5|hall_filtre[0]~40                                                                                                                                                                                                                                                                   ;
;  C  ; LC44       ; filtre_hall:inst5|N_2[1], PWM:inst4|H_10KHZ                                                                                                                                                                                                                                                                                                                                                             ; filtre_hall:inst5|valid_hall, filtre_hall:inst5|hall_filtre[2], filtre_hall:inst5|hall_filtre[1], filtre_hall:inst5|hall_filtre[0], filtre_hall:inst5|process_0~8, filtre_hall:inst5|hall_filtre[2]~30, filtre_hall:inst5|hall_filtre[1]~35, filtre_hall:inst5|hall_filtre[0]~40                                                                                                                                                                                                                                                                                             ;
;  C  ; LC45       ; filtre_hall:inst5|N_2[0], filtre_hall:inst5|N_3[0], filtre_hall:inst5|N_2[1], filtre_hall:inst5|N_3[1], filtre_hall:inst5|N_2[2], filtre_hall:inst5|N_3[2], filtre_hall:inst5|N[0], filtre_hall:inst5|N[1], filtre_hall:inst5|N[2]                                                                                                                                                                      ; filtre_hall:inst5|valid_hall                                                                                                                                                                                                                                                                                                                                                                                                                                                                                                                                                 ;
;  C  ; LC47       ; filtre_hall:inst5|N_3[2], filtre_hall:inst5|N[0], filtre_hall:inst5|N_3[0], filtre_hall:inst5|N_2[0], filtre_hall:inst5|N[1], filtre_hall:inst5|N_2[1], filtre_hall:inst5|N_3[1], filtre_hall:inst5|N[2], filtre_hall:inst5|N_2[2], filtre_hall:inst5|hall_filtre[2]                                                                                                                                    ; filtre_hall:inst5|hall_filtre[2]                                                                                                                                                                                                                                                                                                                                                                                                                                                                                                                                             ;
;  C  ; LC37       ; filtre_hall:inst5|N_3[1], filtre_hall:inst5|N[0], filtre_hall:inst5|N_3[0], filtre_hall:inst5|N_2[0], filtre_hall:inst5|N[1], filtre_hall:inst5|N_2[1], filtre_hall:inst5|N[2], filtre_hall:inst5|N_3[2], filtre_hall:inst5|N_2[2], filtre_hall:inst5|hall_filtre[1]                                                                                                                                    ; filtre_hall:inst5|hall_filtre[1]                                                                                                                                                                                                                                                                                                                                                                                                                                                                                                                                             ;
;  C  ; LC42       ; filtre_hall:inst5|N_3[0], filtre_hall:inst5|N[0], filtre_hall:inst5|N_2[0], filtre_hall:inst5|N[1], filtre_hall:inst5|N_3[1], filtre_hall:inst5|N_2[1], filtre_hall:inst5|N[2], filtre_hall:inst5|N_3[2], filtre_hall:inst5|N_2[2], filtre_hall:inst5|hall_filtre[0]                                                                                                                                    ; filtre_hall:inst5|hall_filtre[0]                                                                                                                                                                                                                                                                                                                                                                                                                                                                                                                                             ;
;  D  ; LC53       ; filtre_hall:inst5|N[0], PWM:inst4|H_10KHZ                                                                                                                                                                                                                                                                                                                                                               ; filtre_hall:inst5|N_3[0], filtre_hall:inst5|valid_hall, filtre_hall:inst5|hall_filtre[2], filtre_hall:inst5|hall_filtre[1], filtre_hall:inst5|hall_filtre[0], filtre_hall:inst5|process_0~8, filtre_hall:inst5|hall_filtre[2]~30, filtre_hall:inst5|hall_filtre[1]~35, filtre_hall:inst5|hall_filtre[0]~40                                                                                                                                                                                                                                                                   ;
;  D  ; LC52       ; HALLC, PWM:inst4|H_10KHZ                                                                                                                                                                                                                                                                                                                                                                                ; filtre_hall:inst5|N_2[2], filtre_hall:inst5|valid_hall, filtre_hall:inst5|hall_filtre[2], filtre_hall:inst5|hall_filtre[1], filtre_hall:inst5|hall_filtre[0], filtre_hall:inst5|process_0~8, filtre_hall:inst5|hall_filtre[2]~30, filtre_hall:inst5|hall_filtre[1]~35, filtre_hall:inst5|hall_filtre[0]~40                                                                                                                                                                                                                                                                   ;
;  D  ; LC50       ; HALLB, PWM:inst4|H_10KHZ                                                                                                                                                                                                                                                                                                                                                                                ; filtre_hall:inst5|N_2[1], filtre_hall:inst5|valid_hall, filtre_hall:inst5|hall_filtre[2], filtre_hall:inst5|hall_filtre[1], filtre_hall:inst5|hall_filtre[0], filtre_hall:inst5|process_0~8, filtre_hall:inst5|hall_filtre[2]~30, filtre_hall:inst5|hall_filtre[1]~35, filtre_hall:inst5|hall_filtre[0]~40                                                                                                                                                                                                                                                                   ;
;  D  ; LC49       ; HALLA, PWM:inst4|H_10KHZ                                                                                                                                                                                                                                                                                                                                                                                ; filtre_hall:inst5|N_2[0], filtre_hall:inst5|valid_hall, filtre_hall:inst5|hall_filtre[2], filtre_hall:inst5|hall_filtre[1], filtre_hall:inst5|hall_filtre[0], filtre_hall:inst5|process_0~8, filtre_hall:inst5|hall_filtre[2]~30, filtre_hall:inst5|hall_filtre[1]~35, filtre_hall:inst5|hall_filtre[0]~40                                                                                                                                                                                                                                                                   ;
+-----+------------+---------------------------------------------------------------------------------------------------------------------------------------------------------------------------------------------------------------------------------------------------------------------------------------------------------------------------------------------------------------------------------------------------------+------------------------------------------------------------------------------------------------------------------------------------------------------------------------------------------------------------------------------------------------------------------------------------------------------------------------------------------------------------------------------------------------------------------------------------------------------------------------------------------------------------------------------------------------------------------------------+


+---------------------------------------------------------------+
; Fitter Device Options                                         ;
+----------------------------------------------+----------------+
; Option                                       ; Setting        ;
+----------------------------------------------+----------------+
; Enable user-supplied start-up clock (CLKUSR) ; Off            ;
; Enable device-wide reset (DEV_CLRn)          ; Off            ;
; Enable device-wide output enable (DEV_OE)    ; Off            ;
; Enable INIT_DONE output                      ; Off            ;
; Configuration scheme                         ; Passive Serial ;
; Security bit                                 ; Off            ;
; Base pin-out file on sameframe device        ; Off            ;
+----------------------------------------------+----------------+


+-----------------+
; Fitter Messages ;
+-----------------+
Warning (20028): Parallel compilation is not licensed and has been disabled
Info (119006): Selected device EPM7064SLC44-10 for design "pld_mbed_etudiant"
Warning (15705): Ignored locations or region assignments to the following nodes
    Warning (15706): Node "AD0" is assigned to location or region, but does not exist in design
    Warning (15706): Node "AD1" is assigned to location or region, but does not exist in design
    Warning (15706): Node "AD2" is assigned to location or region, but does not exist in design
    Warning (15706): Node "AD3" is assigned to location or region, but does not exist in design
    Warning (15706): Node "AD4" is assigned to location or region, but does not exist in design
    Warning (15706): Node "AD5" is assigned to location or region, but does not exist in design
    Warning (15706): Node "AD6" is assigned to location or region, but does not exist in design
    Warning (15706): Node "AD7" is assigned to location or region, but does not exist in design
    Warning (15706): Node "PCS[6]" is assigned to location or region, but does not exist in design
    Warning (15706): Node "WR" is assigned to location or region, but does not exist in design
    Warning (15706): Node "timer1" is assigned to location or region, but does not exist in design
    Warning (15706): Node "timer[1]" is assigned to location or region, but does not exist in design
Info: Quartus II 32-bit Fitter was successful. 0 errors, 14 warnings
    Info: Peak virtual memory: 359 megabytes
    Info: Processing ended: Tue Apr 29 16:53:16 2025
    Info: Elapsed time: 00:00:01
    Info: Total CPU time (on all processors): 00:00:00


